Archive member included to satisfy reference by file (symbol)

D:/ST/STM32CubeIDE_1.19.0/STM32CubeIDE/plugins/com.st.stm32cube.ide.mcu.externaltools.gnu-tools-for-stm32.13.3.rel1.win32_1.0.0.202411081344/tools/bin/../lib/gcc/arm-none-eabi/13.3.1/../../../../arm-none-eabi/lib/thumb/v7-m/nofp\libc_nano.a(libc_a-exit.o)
                              D:/ST/STM32CubeIDE_1.19.0/STM32CubeIDE/plugins/com.st.stm32cube.ide.mcu.externaltools.gnu-tools-for-stm32.13.3.rel1.win32_1.0.0.202411081344/tools/bin/../lib/gcc/arm-none-eabi/13.3.1/../../../../arm-none-eabi/lib/thumb/v7-m/nofp/crt0.o (exit)
D:/ST/STM32CubeIDE_1.19.0/STM32CubeIDE/plugins/com.st.stm32cube.ide.mcu.externaltools.gnu-tools-for-stm32.13.3.rel1.win32_1.0.0.202411081344/tools/bin/../lib/gcc/arm-none-eabi/13.3.1/../../../../arm-none-eabi/lib/thumb/v7-m/nofp\libc_nano.a(libc_a-findfp.o)
                              D:/ST/STM32CubeIDE_1.19.0/STM32CubeIDE/plugins/com.st.stm32cube.ide.mcu.externaltools.gnu-tools-for-stm32.13.3.rel1.win32_1.0.0.202411081344/tools/bin/../lib/gcc/arm-none-eabi/13.3.1/../../../../arm-none-eabi/lib/thumb/v7-m/nofp\libc_nano.a(libc_a-exit.o) (__stdio_exit_handler)
D:/ST/STM32CubeIDE_1.19.0/STM32CubeIDE/plugins/com.st.stm32cube.ide.mcu.externaltools.gnu-tools-for-stm32.13.3.rel1.win32_1.0.0.202411081344/tools/bin/../lib/gcc/arm-none-eabi/13.3.1/../../../../arm-none-eabi/lib/thumb/v7-m/nofp\libc_nano.a(libc_a-fwalk.o)
                              D:/ST/STM32CubeIDE_1.19.0/STM32CubeIDE/plugins/com.st.stm32cube.ide.mcu.externaltools.gnu-tools-for-stm32.13.3.rel1.win32_1.0.0.202411081344/tools/bin/../lib/gcc/arm-none-eabi/13.3.1/../../../../arm-none-eabi/lib/thumb/v7-m/nofp\libc_nano.a(libc_a-findfp.o) (_fwalk_sglue)
D:/ST/STM32CubeIDE_1.19.0/STM32CubeIDE/plugins/com.st.stm32cube.ide.mcu.externaltools.gnu-tools-for-stm32.13.3.rel1.win32_1.0.0.202411081344/tools/bin/../lib/gcc/arm-none-eabi/13.3.1/../../../../arm-none-eabi/lib/thumb/v7-m/nofp\libc_nano.a(libc_a-snprintf.o)
                              ./Core/Src/main.o (snprintf)
D:/ST/STM32CubeIDE_1.19.0/STM32CubeIDE/plugins/com.st.stm32cube.ide.mcu.externaltools.gnu-tools-for-stm32.13.3.rel1.win32_1.0.0.202411081344/tools/bin/../lib/gcc/arm-none-eabi/13.3.1/../../../../arm-none-eabi/lib/thumb/v7-m/nofp\libc_nano.a(libc_a-stdio.o)
                              D:/ST/STM32CubeIDE_1.19.0/STM32CubeIDE/plugins/com.st.stm32cube.ide.mcu.externaltools.gnu-tools-for-stm32.13.3.rel1.win32_1.0.0.202411081344/tools/bin/../lib/gcc/arm-none-eabi/13.3.1/../../../../arm-none-eabi/lib/thumb/v7-m/nofp\libc_nano.a(libc_a-findfp.o) (__sread)
D:/ST/STM32CubeIDE_1.19.0/STM32CubeIDE/plugins/com.st.stm32cube.ide.mcu.externaltools.gnu-tools-for-stm32.13.3.rel1.win32_1.0.0.202411081344/tools/bin/../lib/gcc/arm-none-eabi/13.3.1/../../../../arm-none-eabi/lib/thumb/v7-m/nofp\libc_nano.a(libc_a-memmove.o)
                              ./ssd1306/ssd1306_tests.o (memmove)
D:/ST/STM32CubeIDE_1.19.0/STM32CubeIDE/plugins/com.st.stm32cube.ide.mcu.externaltools.gnu-tools-for-stm32.13.3.rel1.win32_1.0.0.202411081344/tools/bin/../lib/gcc/arm-none-eabi/13.3.1/../../../../arm-none-eabi/lib/thumb/v7-m/nofp\libc_nano.a(libc_a-memset.o)
                              D:/ST/STM32CubeIDE_1.19.0/STM32CubeIDE/plugins/com.st.stm32cube.ide.mcu.externaltools.gnu-tools-for-stm32.13.3.rel1.win32_1.0.0.202411081344/tools/bin/../lib/gcc/arm-none-eabi/13.3.1/../../../../arm-none-eabi/lib/thumb/v7-m/nofp/crt0.o (memset)
D:/ST/STM32CubeIDE_1.19.0/STM32CubeIDE/plugins/com.st.stm32cube.ide.mcu.externaltools.gnu-tools-for-stm32.13.3.rel1.win32_1.0.0.202411081344/tools/bin/../lib/gcc/arm-none-eabi/13.3.1/../../../../arm-none-eabi/lib/thumb/v7-m/nofp\libc_nano.a(libc_a-closer.o)
                              D:/ST/STM32CubeIDE_1.19.0/STM32CubeIDE/plugins/com.st.stm32cube.ide.mcu.externaltools.gnu-tools-for-stm32.13.3.rel1.win32_1.0.0.202411081344/tools/bin/../lib/gcc/arm-none-eabi/13.3.1/../../../../arm-none-eabi/lib/thumb/v7-m/nofp\libc_nano.a(libc_a-stdio.o) (_close_r)
D:/ST/STM32CubeIDE_1.19.0/STM32CubeIDE/plugins/com.st.stm32cube.ide.mcu.externaltools.gnu-tools-for-stm32.13.3.rel1.win32_1.0.0.202411081344/tools/bin/../lib/gcc/arm-none-eabi/13.3.1/../../../../arm-none-eabi/lib/thumb/v7-m/nofp\libc_nano.a(libc_a-reent.o)
                              D:/ST/STM32CubeIDE_1.19.0/STM32CubeIDE/plugins/com.st.stm32cube.ide.mcu.externaltools.gnu-tools-for-stm32.13.3.rel1.win32_1.0.0.202411081344/tools/bin/../lib/gcc/arm-none-eabi/13.3.1/../../../../arm-none-eabi/lib/thumb/v7-m/nofp\libc_nano.a(libc_a-closer.o) (errno)
D:/ST/STM32CubeIDE_1.19.0/STM32CubeIDE/plugins/com.st.stm32cube.ide.mcu.externaltools.gnu-tools-for-stm32.13.3.rel1.win32_1.0.0.202411081344/tools/bin/../lib/gcc/arm-none-eabi/13.3.1/../../../../arm-none-eabi/lib/thumb/v7-m/nofp\libc_nano.a(libc_a-impure.o)
[...]
Memory Configuration

Name             Origin             Length             Attributes
RAM              0x20000000         0x00005000         xrw
FLASH            0x08000000         0x00010000         xr
*default*        0x00000000         0xffffffff

Linker script and memory map

LOAD D:/ST/STM32CubeIDE_1.19.0/STM32CubeIDE/plugins/com.st.stm32cube.ide.mcu.externaltools.gnu-tools-for-stm32.13.3.rel1.win32_1.0.0.202411081344/tools/bin/../lib/gcc/arm-none-eabi/13.3.1/thumb/v7-m/nofp/crti.o
LOAD D:/ST/STM32CubeIDE_1.19.0/STM32CubeIDE/plugins/com.st.stm32cube.ide.mcu.externaltools.gnu-tools-for-stm32.13.3.rel1.win32_1.0.0.202411081344/tools/bin/../lib/gcc/arm-none-eabi/13.3.1/thumb/v7-m/nofp/crtbegin.o
LOAD D:/ST/STM32CubeIDE_1.19.0/STM32CubeIDE/plugins/com.st.stm32cube.ide.mcu.externaltools.gnu-tools-for-stm32.13.3.rel1.win32_1.0.0.202411081344/tools/bin/../lib/gcc/arm-none-eabi/13.3.1/../../../../arm-none-eabi/lib/thumb/v7-m/nofp/crt0.o
LOAD ./Core/Src/freertos.o
LOAD ./Core/Src/main.o
LOAD ./Core/Src/stm32f1xx_hal_msp.o
LOAD ./Core/Src/stm32f1xx_hal_timebase_tim.o
LOAD ./Core/Src/stm32f1xx_it.o
LOAD ./Core/Src/syscalls.o
LOAD ./Core/Src/sysmem.o
LOAD ./Core/Src/system_stm32f1xx.o
LOAD ./Core/Startup/startup_stm32f103c8tx.o
LOAD ./DHT/DHT.o
LOAD ./Delay timer/delay_timer.o
LOAD ./Drivers/STM32F1xx_HAL_Driver/Src/stm32f1xx_hal.o
LOAD ./Drivers/STM32F1xx_HAL_Driver/Src/stm32f1xx_hal_adc.o
LOAD ./Drivers/STM32F1xx_HAL_Driver/Src/stm32f1xx_hal_adc_ex.o
LOAD ./Drivers/STM32F1xx_HAL_Driver/Src/stm32f1xx_hal_cortex.o
LOAD ./Drivers/STM32F1xx_HAL_Driver/Src/stm32f1xx_hal_dma.o
LOAD ./Drivers/STM32F1xx_HAL_Driver/Src/stm32f1xx_hal_exti.o
LOAD ./Drivers/STM32F1xx_HAL_Driver/Src/stm32f1xx_hal_flash.o
LOAD ./Drivers/STM32F1xx_HAL_Driver/Src/stm32f1xx_hal_flash_ex.o
LOAD ./Drivers/STM32F1xx_HAL_Driver/Src/stm32f1xx_hal_gpio.o
LOAD ./Drivers/STM32F1xx_HAL_Driver/Src/stm32f1xx_hal_gpio_ex.o
LOAD ./Drivers/STM32F1xx_HAL_Driver/Src/stm32f1xx_hal_i2c.o
LOAD ./Drivers/STM32F1xx_HAL_Driver/Src/stm32f1xx_hal_pwr.o
LOAD ./Drivers/STM32F1xx_HAL_Driver/Src/stm32f1xx_hal_rcc.o
LOAD ./Drivers/STM32F1xx_HAL_Driver/Src/stm32f1xx_hal_rcc_ex.o
LOAD ./Drivers/STM32F1xx_HAL_Driver/Src/stm32f1xx_hal_tim.o
LOAD ./Drivers/STM32F1xx_HAL_Driver/Src/stm32f1xx_hal_tim_ex.o
LOAD ./Drivers/STM32F1xx_HAL_Driver/Src/stm32f1xx_hal_uart.o
LOAD ./Middlewares/Third_Party/FreeRTOS/Source/CMSIS_RTOS_V2/cmsis_os2.o
LOAD ./Middlewares/Third_Party/FreeRTOS/Source/croutine.o
LOAD ./Middlewares/Third_Party/FreeRTOS/Source/event_groups.o
LOAD ./Middlewares/Third_Party/FreeRTOS/Source/list.o
LOAD ./Middlewares/Third_Party/FreeRTOS/Source/queue.o
LOAD ./Middlewares/Third_Party/FreeRTOS/Source/stream_buffer.o
LOAD ./Middlewares/Third_Party/FreeRTOS/Source/tasks.o
LOAD ./Middlewares/Third_Party/FreeRTOS/Source/timers.o
LOAD ./Middlewares/Third_Party/FreeRTOS/Source/portable/GCC/ARM_CM3/port.o
LOAD ./Middlewares/Third_Party/FreeRTOS/Source/portable/MemMang/heap_4.o
LOAD ./ssd1306/ssd1306.o
LOAD ./ssd1306/ssd1306_fonts.o
LOAD ./ssd1306/ssd1306_tests.o
START GROUP
LOAD D:/ST/STM32CubeIDE_1.19.0/STM32CubeIDE/plugins/com.st.stm32cube.ide.mcu.externaltools.gnu-tools-for-stm32.13.3.rel1.win32_1.0.0.202411081344/tools/bin/../lib/gcc/arm-none-eabi/13.3.1/../../../../arm-none-eabi/lib/thumb/v7-m/nofp\libc_nano.a
LOAD D:/ST/STM32CubeIDE_1.19.0/STM32CubeIDE/plugins/com.st.stm32cube.ide.mcu.externaltools.gnu-tools-for-stm32.13.3.rel1.win32_1.0.0.202411081344/tools/bin/../lib/gcc/arm-none-eabi/13.3.1/../../../../arm-none-eabi/lib/thumb/v7-m/nofp\libm.a
END GROUP
START GROUP
LOAD D:/ST/STM32CubeIDE_1.19.0/STM32CubeIDE/plugins/com.st.stm32cube.ide.mcu.externaltools.gnu-tools-for-stm32.13.3.rel1.win32_1.0.0.202411081344/tools/bin/../lib/gcc/arm-none-eabi/13.3.1/thumb/v7-m/nofp\libgcc.a
LOAD D:/ST/STM32CubeIDE_1.19.0/STM32CubeIDE/plugins/com.st.stm32cube.ide.mcu.externaltools.gnu-tools-for-stm32.13.3.rel1.win32_1.0.0.202411081344/tools/bin/../lib/gcc/arm-none-eabi/13.3.1/../../../../arm-none-eabi/lib/thumb/v7-m/nofp\libc_nano.a
END GROUP
START GROUP
LOAD D:/ST/STM32CubeIDE_1.19.0/STM32CubeIDE/plugins/com.st.stm32cube.ide.mcu.externaltools.gnu-tools-for-stm32.13.3.rel1.win32_1.0.0.202411081344/tools/bin/../lib/gcc/arm-none-eabi/13.3.1/thumb/v7-m/nofp\libgcc.a
LOAD D:/ST/STM32CubeIDE_1.19.0/STM32CubeIDE/plugins/com.st.stm32cube.ide.mcu.externaltools.gnu-tools-for-stm32.13.3.rel1.win32_1.0.0.202411081344/tools/bin/../lib/gcc/arm-none-eabi/13.3.1/../../../../arm-none-eabi/lib/thumb/v7-m/nofp\libc_nano.a
LOAD D:/ST/STM32CubeIDE_1.19.0/STM32CubeIDE/plugins/com.st.stm32cube.ide.mcu.externaltools.gnu-tools-for-stm32.13.3.rel1.win32_1.0.0.202411081344/tools/bin/../lib/gcc/arm-none-eabi/13.3.1/../../../../arm-none-eabi/lib/thumb/v7-m/nofp\libnosys.a
END GROUP
START GROUP
LOAD D:/ST/STM32CubeIDE_1.19.0/STM32CubeIDE/plugins/com.st.stm32cube.ide.mcu.externaltools.gnu-tools-for-stm32.13.3.rel1.win32_1.0.0.202411081344/tools/bin/../lib/gcc/arm-none-eabi/13.3.1/thumb/v7-m/nofp\libgcc.a
LOAD D:/ST/STM32CubeIDE_1.19.0/STM32CubeIDE/plugins/com.st.stm32cube.ide.mcu.externaltools.gnu-tools-for-stm32.13.3.rel1.win32_1.0.0.202411081344/tools/bin/../lib/gcc/arm-none-eabi/13.3.1/../../../../arm-none-eabi/lib/thumb/v7-m/nofp\libc_nano.a
LOAD D:/ST/STM32CubeIDE_1.19.0/STM32CubeIDE/plugins/com.st.stm32cube.ide.mcu.externaltools.gnu-tools-for-stm32.13.3.rel1.win32_1.0.0.202411081344/tools/bin/../lib/gcc/arm-none-eabi/13.3.1/../../../../arm-none-eabi/lib/thumb/v7-m/nofp\libnosys.a
END GROUP
LOAD D:/ST/STM32CubeIDE_1.19.0/STM32CubeIDE/plugins/com.st.stm32cube.ide.mcu.externaltools.gnu-tools-for-stm32.13.3.rel1.win32_1.0.0.202411081344/tools/bin/../lib/gcc/arm-none-eabi/13.3.1/thumb/v7-m/nofp/crtend.o
LOAD D:/ST/STM32CubeIDE_1.19.0/STM32CubeIDE/plugins/com.st.stm32cube.ide.mcu.externaltools.gnu-tools-for-stm32.13.3.rel1.win32_1.0.0.202411081344/tools/bin/../lib/gcc/arm-none-eabi/13.3.1/thumb/v7-m/nofp/crtn.o
                0x20005000                        _estack = (ORIGIN (RAM) + LENGTH (RAM))
                0x00000200                        _Min_Heap_Size = 0x200
                0x00000400                        _Min_Stack_Size = 0x400

.isr_vector     0x08000000      0x10c
                0x08000000                        . = ALIGN (0x4)
 *(.isr_vector)
 .isr_vector    0x08000000      0x10c ./Core/Startup/startup_stm32f103c8tx.o
                0x08000000                g_pfnVectors
                0x0800010c                        . = ALIGN (0x4)

.text           0x08000110     0xb4fc
                0x08000110                        . = ALIGN (0x4)
 *(.text)
 .text          0x08000110       0x40 D:/ST/STM32CubeIDE_1.19.0/STM32CubeIDE/plugins/com.st.stm32cube.ide.mcu.externaltools.gnu-tools-for-stm32.13.3.rel1.win32_1.0.0.202411081344/tools/bin/../lib/gcc/arm-none-eabi/13.3.1/thumb/v7-m/nofp/crtbegin.o
 .text          0x08000150      0x21c D:/ST/STM32CubeIDE_1.19.0/STM32CubeIDE/plugins/com.st.stm32cube.ide.mcu.externaltools.gnu-tools-for-stm32.13.3.rel1.win32_1.0.0.202411081344/tools/bin/../lib/gcc/arm-none-eabi/13.3.1/thumb/v7-m/nofp\libgcc.a(_arm_addsubsf3.o)
                0x08000150                __aeabi_frsub
                0x08000158                __subsf3
                0x08000158                __aeabi_fsub
                0x0800015c                __aeabi_fadd
                0x0800015c                __addsf3
                0x080002bc                __aeabi_ui2f
                0x080002bc                __floatunsisf
                0x080002c4                __aeabi_i2f
                0x080002c4                __floatsisf
                0x080002e0                __aeabi_ul2f
                0x080002e0                __floatundisf
                0x080002f0                __aeabi_l2f
                0x080002f0                __floatdisf
 .text          0x0800036c      0x2a0 D:/ST/STM32CubeIDE_1.19.0/STM32CubeIDE/plugins/com.st.stm32cube.ide.mcu.externaltools.gnu-tools-for-stm32.13.3.rel1.win32_1.0.0.202411081344/tools/bin/../lib/gcc/arm-none-eabi/13.3.1/thumb/v7-m/nofp\libgcc.a(_arm_muldivsf3.o)
                0x0800036c                __mulsf3
                0x0800036c                __aeabi_fmul
                0x080004d4                __aeabi_fdiv
                0x080004d4                __divsf3
 .text          0x0800060c       0xec D:/ST/STM32CubeIDE_1.19.0/STM32CubeIDE/plugins/com.st.stm32cube.ide.mcu.externaltools.gnu-tools-for-stm32.13.3.rel1.win32_1.0.0.202411081344/tools/bin/../lib/gcc/arm-none-eabi/13.3.1/thumb/v7-m/nofp\libgcc.a(_arm_cmpsf2.o)
                0x0800060c                __gesf2
                0x0800060c                __gtsf2
                0x08000614                __lesf2
                0x08000614                __ltsf2
                0x0800061c                __nesf2
                0x0800061c                __eqsf2
                0x0800061c                __cmpsf2
                0x0800067c                __aeabi_cfrcmple
                0x08000684                __aeabi_cfcmpeq
                0x08000684                __aeabi_cfcmple
                0x08000694                __aeabi_fcmpeq
                0x080006a8                __aeabi_fcmplt
                0x080006bc                __aeabi_fcmple
                0x080006d0                __aeabi_fcmpge
                0x080006e4                __aeabi_fcmpgt
 .text          0x080006f8       0x4c D:/ST/STM32CubeIDE_1.19.0/STM32CubeIDE/plugins/com.st.stm32cube.ide.mcu.externaltools.gnu-tools-for-stm32.13.3.rel1.win32_1.0.0.202411081344/tools/bin/../lib/gcc/arm-none-eabi/13.3.1/thumb/v7-m/nofp\libgcc.a(_arm_fixsfsi.o)
                0x080006f8                __aeabi_f2iz
                0x080006f8                __fixsfsi
 *(.text*)
 .text.Read_ADC_Channel
                0x08000744       0x84 ./Core/Src/main.o
 .text.Map_ADC_To_TimeScale
                0x080007c8       0x48 ./Core/Src/main.o
 .text.Map_ADC_To_Percent
                0x08000810       0x88 ./Core/Src/main.o
 .text.Persist_Load
                0x08000898       0x44 ./Core/Src/main.o
 .text.Persist_UpdateFromRuntime
                0x080008dc       0x48 ./Core/Src/main.o
 .text.Persist_ApplyToRuntime
                0x08000924       0x3c ./Core/Src/main.o
 .text.Persist_Save
                0x08000960       0xa0 ./Core/Src/main.o
 .text.History_Add
                0x08000a00       0x64 ./Core/Src/main.o
 .text.ReadButtonPressed
                0x08000a64       0x2a ./Core/Src/main.o
 *fill*         0x08000a8e        0x2 
 .text.ProcessButton
                0x08000a90       0xa4 ./Core/Src/main.o
 .text.UpdateSensorData
                0x08000b34      0x130 ./Core/Src/main.o
 .text.RequestRedraw
                0x08000c64       0x18 ./Core/Src/main.o
 .text.HandleMenuInput
                0x08000c7c       0xa4 ./Core/Src/main.o
 .text.HandlePlantListInput
                0x08000d20       0x80 ./Core/Src/main.o
 .text.HandlePlantInfoInput
                0x08000da0       0x74 ./Core/Src/main.o
 .text.HandlePlantConfirmInput
                0x08000e14       0xac ./Core/Src/main.o
 .text.HandleActiveHomeInput
                0x08000ec0       0x74 ./Core/Src/main.o
 .text.HandleActiveInfoInput
                0x08000f34       0x64 ./Core/Src/main.o
 .text.HandleHistoryListInput
                0x08000f98       0x9c ./Core/Src/main.o
 .text.HandleHistoryDetailInput
                0x08001034       0x2c ./Core/Src/main.o
 .text.DrawHeader
                0x08001060       0x40 ./Core/Src/main.o
 .text.DrawMenuScreen
                0x080010a0       0x74 ./Core/Src/main.o
 .text.DrawPlantListScreen
                0x08001114       0x8c ./Core/Src/main.o
 .text.DrawPlantInfoCommon
                0x080011a0      0x170 ./Core/Src/main.o
 .text.DrawPlantInfoScreen
                0x08001310       0x24 ./Core/Src/main.o
 .text.DrawPlantConfirmScreen
                0x08001334       0x9c ./Core/Src/main.o
 .text.DrawActiveHomeScreen
                0x080013d0      0x284 ./Core/Src/main.o
 .text.DrawActiveInfoScreen
                0x08001654       0x24 ./Core/Src/main.o
 .text.DrawHistoryListScreen
                0x08001678      0x108 ./Core/Src/main.o
 .text.DrawHistoryDetailScreen
                0x08001780      0x130 ./Core/Src/main.o
 .text.RenderScreen
                0x080018b0       0xb0 ./Core/Src/main.o
 .text.Error_Blink
                0x08001960       0x84 ./Core/Src/main.o
                0x08001960                Error_Blink
 .text.main     0x080019e4      0x1a8 ./Core/Src/main.o
                0x080019e4                main
 .text.SystemClock_Config
                0x08001b8c       0xb6 ./Core/Src/main.o
                0x08001b8c                SystemClock_Config
 *fill*         0x08001c42        0x2 
 .text.MX_ADC1_Init
                0x08001c44       0x7c ./Core/Src/main.o
 .text.MX_I2C1_Init
                0x08001cc0       0x5c ./Core/Src/main.o
 .text.MX_TIM3_Init
                0x08001d1c       0x9c ./Core/Src/main.o
 .text.MX_USART1_UART_Init
                0x08001db8       0x54 ./Core/Src/main.o
 .text.MX_GPIO_Init
                0x08001e0c      0x114 ./Core/Src/main.o
 .text.StartInputTask
                0x08001f20      0x114 ./Core/Src/main.o
                0x08001f20                StartInputTask
 .text.StartDHTTask
                0x08002034      0x118 ./Core/Src/main.o
                0x08002034                StartDHTTask
 .text.StartSensorTask
                0x0800214c       0x1c ./Core/Src/main.o
                0x0800214c                StartSensorTask
 .text.StartLogicTask
                0x08002168      0x15c ./Core/Src/main.o
                0x08002168                StartLogicTask
 .text.StartDisplayTask
                0x080022c4       0x38 ./Core/Src/main.o
                0x080022c4                StartDisplayTask
 .text.StartDefaultTask
                0x080022fc       0x12 ./Core/Src/main.o
                0x080022fc                StartDefaultTask
 *fill*         0x0800230e        0x2 
 .text.HAL_TIM_PeriodElapsedCallback
                0x08002310       0x24 ./Core/Src/main.o
                0x08002310                HAL_TIM_PeriodElapsedCallback
 .text.Error_Handler
                0x08002334       0x34 ./Core/Src/main.o
                0x08002334                Error_Handler
 .text.HAL_MspInit
                0x08002368       0x70 ./Core/Src/stm32f1xx_hal_msp.o
                0x08002368                HAL_MspInit
 .text.HAL_ADC_MspInit
                0x080023d8       0x78 ./Core/Src/stm32f1xx_hal_msp.o
                0x080023d8                HAL_ADC_MspInit
 .text.HAL_I2C_MspInit
                0x08002450       0x7c ./Core/Src/stm32f1xx_hal_msp.o
                0x08002450                HAL_I2C_MspInit
 .text.HAL_TIM_Base_MspInit
                0x080024cc       0x3c ./Core/Src/stm32f1xx_hal_msp.o
                0x080024cc                HAL_TIM_Base_MspInit
 .text.HAL_UART_MspInit
                0x08002508       0xa8 ./Core/Src/stm32f1xx_hal_msp.o
                0x08002508                HAL_UART_MspInit
 .text.HAL_InitTick
                0x080025b0       0xfc ./Core/Src/stm32f1xx_hal_timebase_tim.o
                0x080025b0                HAL_InitTick
 .text.NMI_Handler
                0x080026ac        0x8 ./Core/Src/stm32f1xx_it.o
                0x080026ac                NMI_Handler
 .text.HardFault_Handler
                0x080026b4        0x8 ./Core/Src/stm32f1xx_it.o
                0x080026b4                HardFault_Handler
 .text.MemManage_Handler
                0x080026bc        0x8 ./Core/Src/stm32f1xx_it.o
                0x080026bc                MemManage_Handler
 .text.BusFault_Handler
                0x080026c4        0x8 ./Core/Src/stm32f1xx_it.o
                0x080026c4                BusFault_Handler
 .text.UsageFault_Handler
                0x080026cc        0x8 ./Core/Src/stm32f1xx_it.o
                0x080026cc                UsageFault_Handler
 .text.DebugMon_Handler
                0x080026d4        0xc ./Core/Src/stm32f1xx_it.o
                0x080026d4                DebugMon_Handler
 .text.TIM4_IRQHandler
                0x080026e0       0x14 ./Core/Src/stm32f1xx_it.o
                0x080026e0                TIM4_IRQHandler
 .text.USART1_IRQHandler
                0x080026f4       0x14 ./Core/Src/stm32f1xx_it.o
                0x080026f4                USART1_IRQHandler
 .text._sbrk    0x08002708       0x6c ./Core/Src/sysmem.o
                0x08002708                _sbrk
 .text.SystemInit
                0x08002774        0xc ./Core/Src/system_stm32f1xx.o
                0x08002774                SystemInit
 .text.Reset_Handler
                0x08002780       0x48 ./Core/Startup/startup_stm32f103c8tx.o
                0x08002780                Reset_Handler
 .text.Default_Handler
                0x080027c8        0x2 ./Core/Startup/startup_stm32f103c8tx.o
                0x080027c8                RTC_Alarm_IRQHandler
                0x080027c8                EXTI2_IRQHandler
                0x080027c8                TIM1_CC_IRQHandler
                0x080027c8                PVD_IRQHandler
                0x080027c8                EXTI3_IRQHandler
                0x080027c8                EXTI0_IRQHandler
                0x080027c8                I2C2_EV_IRQHandler
                0x080027c8                ADC1_2_IRQHandler
                0x080027c8                SPI1_IRQHandler
                0x080027c8                TAMPER_IRQHandler
                0x080027c8                DMA1_Channel4_IRQHandler
                0x080027c8                USART3_IRQHandler
                0x080027c8                RTC_IRQHandler
                0x080027c8                DMA1_Channel7_IRQHandler
                0x080027c8                CAN1_RX1_IRQHandler
                0x080027c8                I2C1_EV_IRQHandler
                0x080027c8                DMA1_Channel6_IRQHandler
                0x080027c8                TIM3_IRQHandler
                0x080027c8                RCC_IRQHandler
                0x080027c8                TIM1_TRG_COM_IRQHandler
                0x080027c8                DMA1_Channel1_IRQHandler
                0x080027c8                Default_Handler
                0x080027c8                EXTI15_10_IRQHandler
                0x080027c8                EXTI9_5_IRQHandler
                0x080027c8                SPI2_IRQHandler
                0x080027c8                DMA1_Channel5_IRQHandler
                0x080027c8                EXTI4_IRQHandler
                0x080027c8                USB_LP_CAN1_RX0_IRQHandler
                0x080027c8                USB_HP_CAN1_TX_IRQHandler
                0x080027c8                DMA1_Channel3_IRQHandler
                0x080027c8                TIM1_UP_IRQHandler
                0x080027c8                WWDG_IRQHandler
                0x080027c8                TIM2_IRQHandler
                0x080027c8                TIM1_BRK_IRQHandler
                0x080027c8                EXTI1_IRQHandler
                0x080027c8                USART2_IRQHandler
                0x080027c8                I2C2_ER_IRQHandler
                0x080027c8                DMA1_Channel2_IRQHandler
                0x080027c8                CAN1_SCE_IRQHandler
                0x080027c8                FLASH_IRQHandler
                0x080027c8                I2C1_ER_IRQHandler
                0x080027c8                USBWakeUp_IRQHandler
 .text.DHT_DelayInit
                0x080027ca       0x46 ./DHT/DHT.o
 .text.DHT_DelayUs
                0x08002810       0x22 ./DHT/DHT.o
 .text.DHT_SetPinOut
                0x08002832       0x3c ./DHT/DHT.o
 .text.DHT_SetPinIn
                0x0800286e       0x3c ./DHT/DHT.o
 .text.DHT_WritePin
                0x080028aa       0x24 ./DHT/DHT.o
 .text.DHT_ReadPin
                0x080028ce       0x22 ./DHT/DHT.o
 .text.DHT_WaitForState
                0x080028f0       0x5a ./DHT/DHT.o
 .text.DHT_WaitWhileState
                0x0800294a       0x5a ./DHT/DHT.o
 .text.DHT_Start
                0x080029a4       0x8e ./DHT/DHT.o
 .text.DHT_Read
                0x08002a32       0xa6 ./DHT/DHT.o
 .text.DHT_Init
                0x08002ad8       0x8a ./DHT/DHT.o
                0x08002ad8                DHT_Init
 *fill*         0x08002b62        0x2 
 .text.DHT_ReadTempHum
                0x08002b64      0x1b8 ./DHT/DHT.o
                0x08002b64                DHT_ReadTempHum
 .text.DELAY_TIM_Us
                0x08002d1c       0x2e ./Delay timer/delay_timer.o
                0x08002d1c                DELAY_TIM_Us
 *fill*         0x08002d4a        0x2 
 .text.HAL_Init
                0x08002d4c       0x2c ./Drivers/STM32F1xx_HAL_Driver/Src/stm32f1xx_hal.o
                0x08002d4c                HAL_Init
 .text.HAL_IncTick
                0x08002d78       0x24 ./Drivers/STM32F1xx_HAL_Driver/Src/stm32f1xx_hal.o
                0x08002d78                HAL_IncTick
 .text.HAL_GetTick
                0x08002d9c       0x14 ./Drivers/STM32F1xx_HAL_Driver/Src/stm32f1xx_hal.o
                0x08002d9c                HAL_GetTick
 .text.HAL_Delay
                0x08002db0       0x48 ./Drivers/STM32F1xx_HAL_Driver/Src/stm32f1xx_hal.o
                0x08002db0                HAL_Delay
 .text.HAL_ADC_Init
                0x08002df8      0x1b0 ./Drivers/STM32F1xx_HAL_Driver/Src/stm32f1xx_hal_adc.o
                0x08002df8                HAL_ADC_Init
 .text.HAL_ADC_Start
                0x08002fa8      0x15c ./Drivers/STM32F1xx_HAL_Driver/Src/stm32f1xx_hal_adc.o
                0x08002fa8                HAL_ADC_Start
 .text.HAL_ADC_Stop
                0x08003104       0x58 ./Drivers/STM32F1xx_HAL_Driver/Src/stm32f1xx_hal_adc.o
                0x08003104                HAL_ADC_Stop
 .text.HAL_ADC_PollForConversion
                0x0800315c      0x20c ./Drivers/STM32F1xx_HAL_Driver/Src/stm32f1xx_hal_adc.o
                0x0800315c                HAL_ADC_PollForConversion
 .text.HAL_ADC_GetValue
                0x08003368       0x18 ./Drivers/STM32F1xx_HAL_Driver/Src/stm32f1xx_hal_adc.o
                0x08003368                HAL_ADC_GetValue
 .text.HAL_ADC_ConfigChannel
                0x08003380      0x1f0 ./Drivers/STM32F1xx_HAL_Driver/Src/stm32f1xx_hal_adc.o
                0x08003380                HAL_ADC_ConfigChannel
 .text.ADC_Enable
                0x08003570       0xb4 ./Drivers/STM32F1xx_HAL_Driver/Src/stm32f1xx_hal_adc.o
                0x08003570                ADC_Enable
 .text.ADC_ConversionStop_Disable
                0x08003624       0x82 ./Drivers/STM32F1xx_HAL_Driver/Src/stm32f1xx_hal_adc.o
                0x08003624                ADC_ConversionStop_Disable
 *fill*         0x080036a6        0x2 
 .text.__NVIC_SetPriorityGrouping
                0x080036a8       0x48 ./Drivers/STM32F1xx_HAL_Driver/Src/stm32f1xx_hal_cortex.o
 .text.__NVIC_GetPriorityGrouping
                0x080036f0       0x1c ./Drivers/STM32F1xx_HAL_Driver/Src/stm32f1xx_hal_cortex.o
 .text.__NVIC_EnableIRQ
                0x0800370c       0x38 ./Drivers/STM32F1xx_HAL_Driver/Src/stm32f1xx_hal_cortex.o
 .text.__NVIC_SetPriority
                0x08003744       0x54 ./Drivers/STM32F1xx_HAL_Driver/Src/stm32f1xx_hal_cortex.o
 .text.NVIC_EncodePriority
                0x08003798       0x64 ./Drivers/STM32F1xx_HAL_Driver/Src/stm32f1xx_hal_cortex.o
 .text.HAL_NVIC_SetPriorityGrouping
                0x080037fc       0x16 ./Drivers/STM32F1xx_HAL_Driver/Src/stm32f1xx_hal_cortex.o
                0x080037fc                HAL_NVIC_SetPriorityGrouping
 .text.HAL_NVIC_SetPriority
                0x08003812       0x38 ./Drivers/STM32F1xx_HAL_Driver/Src/stm32f1xx_hal_cortex.o
                0x08003812                HAL_NVIC_SetPriority
 .text.HAL_NVIC_EnableIRQ
                0x0800384a       0x1c ./Drivers/STM32F1xx_HAL_Driver/Src/stm32f1xx_hal_cortex.o
                0x0800384a                HAL_NVIC_EnableIRQ
 .text.HAL_DMA_Abort
                0x08003866       0x76 ./Drivers/STM32F1xx_HAL_Driver/Src/stm32f1xx_hal_dma.o
                0x08003866                HAL_DMA_Abort
 .text.HAL_DMA_Abort_IT
                0x080038dc       0xf0 ./Drivers/STM32F1xx_HAL_Driver/Src/stm32f1xx_hal_dma.o
                0x080038dc                HAL_DMA_Abort_IT
 .text.HAL_FLASH_Program
                0x080039cc       0xe0 ./Drivers/STM32F1xx_HAL_Driver/Src/stm32f1xx_hal_flash.o
                0x080039cc                HAL_FLASH_Program
 .text.HAL_FLASH_Unlock
                0x08003aac       0x4c ./Drivers/STM32F1xx_HAL_Driver/Src/stm32f1xx_hal_flash.o
                0x08003aac                HAL_FLASH_Unlock
 .text.HAL_FLASH_Lock
                0x08003af8       0x20 ./Drivers/STM32F1xx_HAL_Driver/Src/stm32f1xx_hal_flash.o
                0x08003af8                HAL_FLASH_Lock
 .text.FLASH_Program_HalfWord
                0x08003b18       0x38 ./Drivers/STM32F1xx_HAL_Driver/Src/stm32f1xx_hal_flash.o
 .text.FLASH_WaitForLastOperation
                0x08003b50       0x8c ./Drivers/STM32F1xx_HAL_Driver/Src/stm32f1xx_hal_flash.o
                0x08003b50                FLASH_WaitForLastOperation
 .text.FLASH_SetErrorCode
                0x08003bdc       0xa0 ./Drivers/STM32F1xx_HAL_Driver/Src/stm32f1xx_hal_flash.o
 .text.HAL_FLASHEx_Erase
                0x08003c7c       0xd8 ./Drivers/STM32F1xx_HAL_Driver/Src/stm32f1xx_hal_flash_ex.o
                0x08003c7c                HAL_FLASHEx_Erase
 .text.FLASH_MassErase
                0x08003d54       0x38 ./Drivers/STM32F1xx_HAL_Driver/Src/stm32f1xx_hal_flash_ex.o
 .text.FLASH_PageErase
                0x08003d8c       0x40 ./Drivers/STM32F1xx_HAL_Driver/Src/stm32f1xx_hal_flash_ex.o
                0x08003d8c                FLASH_PageErase
 .text.HAL_GPIO_Init
                0x08003dcc      0x308 ./Drivers/STM32F1xx_HAL_Driver/Src/stm32f1xx_hal_gpio.o
                0x08003dcc                HAL_GPIO_Init
 .text.HAL_GPIO_ReadPin
                0x080040d4       0x2e ./Drivers/STM32F1xx_HAL_Driver/Src/stm32f1xx_hal_gpio.o
                0x080040d4                HAL_GPIO_ReadPin
 .text.HAL_GPIO_WritePin
                0x08004102       0x30 ./Drivers/STM32F1xx_HAL_Driver/Src/stm32f1xx_hal_gpio.o
                0x08004102                HAL_GPIO_WritePin
 .text.HAL_GPIO_TogglePin
                0x08004132       0x32 ./Drivers/STM32F1xx_HAL_Driver/Src/stm32f1xx_hal_gpio.o
                0x08004132                HAL_GPIO_TogglePin
 .text.HAL_I2C_Init
                0x08004164      0x288 ./Drivers/STM32F1xx_HAL_Driver/Src/stm32f1xx_hal_i2c.o
                0x08004164                HAL_I2C_Init
 .text.HAL_I2C_Mem_Write
                0x080043ec      0x1f4 ./Drivers/STM32F1xx_HAL_Driver/Src/stm32f1xx_hal_i2c.o
                0x080043ec                HAL_I2C_Mem_Write
 .text.I2C_RequestMemoryWrite
                0x080045e0      0x12c ./Drivers/STM32F1xx_HAL_Driver/Src/stm32f1xx_hal_i2c.o
 .text.I2C_WaitOnFlagUntilTimeout
                0x0800470c       0xf4 ./Drivers/STM32F1xx_HAL_Driver/Src/stm32f1xx_hal_i2c.o
 .text.I2C_WaitOnMasterAddressFlagUntilTimeout
                0x08004800      0x140 ./Drivers/STM32F1xx_HAL_Driver/Src/stm32f1xx_hal_i2c.o
 .text.I2C_WaitOnTXEFlagUntilTimeout
                0x08004940       0x90 ./Drivers/STM32F1xx_HAL_Driver/Src/stm32f1xx_hal_i2c.o
 .text.I2C_WaitOnBTFFlagUntilTimeout
                0x080049d0       0x90 ./Drivers/STM32F1xx_HAL_Driver/Src/stm32f1xx_hal_i2c.o
 .text.I2C_IsAcknowledgeFailed
                0x08004a60       0x5c ./Drivers/STM32F1xx_HAL_Driver/Src/stm32f1xx_hal_i2c.o
 .text.HAL_RCC_OscConfig
                0x08004abc      0x504 ./Drivers/STM32F1xx_HAL_Driver/Src/stm32f1xx_hal_rcc.o
                0x08004abc                HAL_RCC_OscConfig
 .text.HAL_RCC_ClockConfig
                0x08004fc0      0x1d4 ./Drivers/STM32F1xx_HAL_Driver/Src/stm32f1xx_hal_rcc.o
                0x08004fc0                HAL_RCC_ClockConfig
 .text.HAL_RCC_GetSysClockFreq
                0x08005194       0xa8 ./Drivers/STM32F1xx_HAL_Driver/Src/stm32f1xx_hal_rcc.o
                0x08005194                HAL_RCC_GetSysClockFreq
 .text.HAL_RCC_GetHCLKFreq
                0x0800523c       0x14 ./Drivers/STM32F1xx_HAL_Driver/Src/stm32f1xx_hal_rcc.o
                0x0800523c                HAL_RCC_GetHCLKFreq
 .text.HAL_RCC_GetPCLK1Freq
                0x08005250       0x28 ./Drivers/STM32F1xx_HAL_Driver/Src/stm32f1xx_hal_rcc.o
                0x08005250                HAL_RCC_GetPCLK1Freq
 .text.HAL_RCC_GetPCLK2Freq
                0x08005278       0x28 ./Drivers/STM32F1xx_HAL_Driver/Src/stm32f1xx_hal_rcc.o
                0x08005278                HAL_RCC_GetPCLK2Freq
 .text.HAL_RCC_GetClockConfig
                0x080052a0       0x60 ./Drivers/STM32F1xx_HAL_Driver/Src/stm32f1xx_hal_rcc.o
                0x080052a0                HAL_RCC_GetClockConfig
 .text.RCC_Delay
                0x08005300       0x3c ./Drivers/STM32F1xx_HAL_Driver/Src/stm32f1xx_hal_rcc.o
 .text.HAL_RCCEx_PeriphCLKConfig
                0x0800533c      0x16c ./Drivers/STM32F1xx_HAL_Driver/Src/stm32f1xx_hal_rcc_ex.o
                0x0800533c                HAL_RCCEx_PeriphCLKConfig
 .text.HAL_RCCEx_GetPeriphCLKFreq
                0x080054a8      0x16c ./Drivers/STM32F1xx_HAL_Driver/Src/stm32f1xx_hal_rcc_ex.o
                0x080054a8                HAL_RCCEx_GetPeriphCLKFreq
 .text.HAL_TIM_Base_Init
                0x08005614       0x9e ./Drivers/STM32F1xx_HAL_Driver/Src/stm32f1xx_hal_tim.o
                0x08005614                HAL_TIM_Base_Init
 *fill*         0x080056b2        0x2 
 .text.HAL_TIM_Base_Start
                0x080056b4       0x94 ./Drivers/STM32F1xx_HAL_Driver/Src/stm32f1xx_hal_tim.o
                0x080056b4                HAL_TIM_Base_Start
 .text.HAL_TIM_Base_Start_IT
                0x08005748       0xa4 ./Drivers/STM32F1xx_HAL_Driver/Src/stm32f1xx_hal_tim.o
                0x08005748                HAL_TIM_Base_Start_IT
 .text.HAL_TIM_IRQHandler
                0x080057ec      0x1e0 ./Drivers/STM32F1xx_HAL_Driver/Src/stm32f1xx_hal_tim.o
                0x080057ec                HAL_TIM_IRQHandler
 .text.HAL_TIM_ConfigClockSource
                0x080059cc      0x18e ./Drivers/STM32F1xx_HAL_Driver/Src/stm32f1xx_hal_tim.o
                0x080059cc                HAL_TIM_ConfigClockSource
 .text.HAL_TIM_OC_DelayElapsedCallback
                0x08005b5a       0x12 ./Drivers/STM32F1xx_HAL_Driver/Src/stm32f1xx_hal_tim.o
                0x08005b5a                HAL_TIM_OC_DelayElapsedCallback
 .text.HAL_TIM_IC_CaptureCallback
                0x08005b6c       0x12 ./Drivers/STM32F1xx_HAL_Driver/Src/stm32f1xx_hal_tim.o
                0x08005b6c                HAL_TIM_IC_CaptureCallback
 .text.HAL_TIM_PWM_PulseFinishedCallback
                0x08005b7e       0x12 ./Drivers/STM32F1xx_HAL_Driver/Src/stm32f1xx_hal_tim.o
                0x08005b7e                HAL_TIM_PWM_PulseFinishedCallback
 .text.HAL_TIM_TriggerCallback
                0x08005b90       0x12 ./Drivers/STM32F1xx_HAL_Driver/Src/stm32f1xx_hal_tim.o
                0x08005b90                HAL_TIM_TriggerCallback
 *fill*         0x08005ba2        0x2 
 .text.TIM_Base_SetConfig
                0x08005ba4       0xdc ./Drivers/STM32F1xx_HAL_Driver/Src/stm32f1xx_hal_tim.o
                0x08005ba4                TIM_Base_SetConfig
 .text.TIM_TI1_ConfigInputStage
                0x08005c80       0x5c ./Drivers/STM32F1xx_HAL_Driver/Src/stm32f1xx_hal_tim.o
 .text.TIM_TI2_ConfigInputStage
                0x08005cdc       0x5e ./Drivers/STM32F1xx_HAL_Driver/Src/stm32f1xx_hal_tim.o
 .text.TIM_ITRx_SetConfig
                0x08005d3a       0x34 ./Drivers/STM32F1xx_HAL_Driver/Src/stm32f1xx_hal_tim.o
 .text.TIM_ETR_SetConfig
                0x08005d6e       0x3e ./Drivers/STM32F1xx_HAL_Driver/Src/stm32f1xx_hal_tim.o
                0x08005d6e                TIM_ETR_SetConfig
 .text.HAL_TIMEx_MasterConfigSynchronization
                0x08005dac       0xbc ./Drivers/STM32F1xx_HAL_Driver/Src/stm32f1xx_hal_tim_ex.o
                0x08005dac                HAL_TIMEx_MasterConfigSynchronization
 .text.HAL_TIMEx_CommutCallback
                0x08005e68       0x12 ./Drivers/STM32F1xx_HAL_Driver/Src/stm32f1xx_hal_tim_ex.o
                0x08005e68                HAL_TIMEx_CommutCallback
 .text.HAL_TIMEx_BreakCallback
                0x08005e7a       0x12 ./Drivers/STM32F1xx_HAL_Driver/Src/stm32f1xx_hal_tim_ex.o
                0x08005e7a                HAL_TIMEx_BreakCallback
 .text.HAL_UART_Init
                0x08005e8c       0xa0 ./Drivers/STM32F1xx_HAL_Driver/Src/stm32f1xx_hal_uart.o
                0x08005e8c                HAL_UART_Init
 .text.HAL_UART_IRQHandler
                0x08005f2c      0x524 ./Drivers/STM32F1xx_HAL_Driver/Src/stm32f1xx_hal_uart.o
                0x08005f2c                HAL_UART_IRQHandler
 .text.HAL_UART_TxCpltCallback
                0x08006450       0x12 ./Drivers/STM32F1xx_HAL_Driver/Src/stm32f1xx_hal_uart.o
                0x08006450                HAL_UART_TxCpltCallback
 .text.HAL_UART_RxCpltCallback
                0x08006462       0x12 ./Drivers/STM32F1xx_HAL_Driver/Src/stm32f1xx_hal_uart.o
                0x08006462                HAL_UART_RxCpltCallback
 .text.HAL_UART_ErrorCallback
                0x08006474       0x12 ./Drivers/STM32F1xx_HAL_Driver/Src/stm32f1xx_hal_uart.o
                0x08006474                HAL_UART_ErrorCallback
 .text.HAL_UARTEx_RxEventCallback
                0x08006486       0x16 ./Drivers/STM32F1xx_HAL_Driver/Src/stm32f1xx_hal_uart.o
                0x08006486                HAL_UARTEx_RxEventCallback
 .text.UART_EndRxTransfer
                0x0800649c       0xc4 ./Drivers/STM32F1xx_HAL_Driver/Src/stm32f1xx_hal_uart.o
 .text.UART_DMAAbortOnError
                0x08006560       0x28 ./Drivers/STM32F1xx_HAL_Driver/Src/stm32f1xx_hal_uart.o
 .text.UART_Transmit_IT
                0x08006588       0x9e ./Drivers/STM32F1xx_HAL_Driver/Src/stm32f1xx_hal_uart.o
 .text.UART_EndTransmit_IT
                0x08006626       0x30 ./Drivers/STM32F1xx_HAL_Driver/Src/stm32f1xx_hal_uart.o
 .text.UART_Receive_IT
                0x08006656      0x17c ./Drivers/STM32F1xx_HAL_Driver/Src/stm32f1xx_hal_uart.o
 *fill*         0x080067d2        0x2 
 .text.UART_SetConfig
                0x080067d4      0x11c ./Drivers/STM32F1xx_HAL_Driver/Src/stm32f1xx_hal_uart.o
 .text.__NVIC_SetPriority
                0x080068f0       0x54 ./Middlewares/Third_Party/FreeRTOS/Source/CMSIS_RTOS_V2/cmsis_os2.o
 .text.SysTick_Handler
                0x08006944       0x20 ./Middlewares/Third_Party/FreeRTOS/Source/CMSIS_RTOS_V2/cmsis_os2.o
                0x08006944                SysTick_Handler
 .text.SVC_Setup
                0x08006964       0x12 ./Middlewares/Third_Party/FreeRTOS/Source/CMSIS_RTOS_V2/cmsis_os2.o
 *fill*         0x08006976        0x2 
 .text.osKernelInitialize
                0x08006978       0x44 ./Middlewares/Third_Party/FreeRTOS/Source/CMSIS_RTOS_V2/cmsis_os2.o
                0x08006978                osKernelInitialize
 .text.osKernelStart
                0x080069bc       0x4c ./Middlewares/Third_Party/FreeRTOS/Source/CMSIS_RTOS_V2/cmsis_os2.o
                0x080069bc                osKernelStart
 .text.osKernelGetTickCount
                0x08006a08       0x2a ./Middlewares/Third_Party/FreeRTOS/Source/CMSIS_RTOS_V2/cmsis_os2.o
                0x08006a08                osKernelGetTickCount
 .text.osThreadNew
                0x08006a32      0x124 ./Middlewares/Third_Party/FreeRTOS/Source/CMSIS_RTOS_V2/cmsis_os2.o
                0x08006a32                osThreadNew
 .text.osDelay  0x08006b56       0x36 ./Middlewares/Third_Party/FreeRTOS/Source/CMSIS_RTOS_V2/cmsis_os2.o
                0x08006b56                osDelay
 .text.osEventFlagsNew
                0x08006b8c       0x7e ./Middlewares/Third_Party/FreeRTOS/Source/CMSIS_RTOS_V2/cmsis_os2.o
                0x08006b8c                osEventFlagsNew
 *fill*         0x08006c0a        0x2 
 .text.osEventFlagsSet
                0x08006c0c       0x84 ./Middlewares/Third_Party/FreeRTOS/Source/CMSIS_RTOS_V2/cmsis_os2.o
                0x08006c0c                osEventFlagsSet
 .text.osEventFlagsWait
                0x08006c90       0xca ./Middlewares/Third_Party/FreeRTOS/Source/CMSIS_RTOS_V2/cmsis_os2.o
                0x08006c90                osEventFlagsWait
 .text.osMutexNew
                0x08006d5a      0x10c ./Middlewares/Third_Party/FreeRTOS/Source/CMSIS_RTOS_V2/cmsis_os2.o
                0x08006d5a                osMutexNew
 .text.osMutexAcquire
                0x08006e66       0x96 ./Middlewares/Third_Party/FreeRTOS/Source/CMSIS_RTOS_V2/cmsis_os2.o
                0x08006e66                osMutexAcquire
 .text.osMutexRelease
                0x08006efc       0x7a ./Middlewares/Third_Party/FreeRTOS/Source/CMSIS_RTOS_V2/cmsis_os2.o
                0x08006efc                osMutexRelease
 .text.osMessageQueueNew
                0x08006f76       0xe6 ./Middlewares/Third_Party/FreeRTOS/Source/CMSIS_RTOS_V2/cmsis_os2.o
                0x08006f76                osMessageQueueNew
 .text.osMessageQueuePut
                0x0800705c       0xc0 ./Middlewares/Third_Party/FreeRTOS/Source/CMSIS_RTOS_V2/cmsis_os2.o
                0x0800705c                osMessageQueuePut
 .text.osMessageQueueGet
                0x0800711c       0xbc ./Middlewares/Third_Party/FreeRTOS/Source/CMSIS_RTOS_V2/cmsis_os2.o
                0x0800711c                osMessageQueueGet
 .text.vApplicationGetIdleTaskMemory
                0x080071d8       0x30 ./Middlewares/Third_Party/FreeRTOS/Source/CMSIS_RTOS_V2/cmsis_os2.o
                0x080071d8                vApplicationGetIdleTaskMemory
 .text.vApplicationGetTimerTaskMemory
                0x08007208       0x34 ./Middlewares/Third_Party/FreeRTOS/Source/CMSIS_RTOS_V2/cmsis_os2.o
                0x08007208                vApplicationGetTimerTaskMemory
 .text.xEventGroupCreateStatic
                0x0800723c       0x72 ./Middlewares/Third_Party/FreeRTOS/Source/event_groups.o
                0x0800723c                xEventGroupCreateStatic
 .text.xEventGroupCreate
                0x080072ae       0x34 ./Middlewares/Third_Party/FreeRTOS/Source/event_groups.o
                0x080072ae                xEventGroupCreate
 *fill*         0x080072e2        0x2 
 .text.xEventGroupWaitBits
                0x080072e4      0x1a4 ./Middlewares/Third_Party/FreeRTOS/Source/event_groups.o
                0x080072e4                xEventGroupWaitBits
 .text.xEventGroupSetBits
                0x08007488      0x118 ./Middlewares/Third_Party/FreeRTOS/Source/event_groups.o
                0x08007488                xEventGroupSetBits
 .text.vEventGroupSetBitsCallback
                0x080075a0       0x1a ./Middlewares/Third_Party/FreeRTOS/Source/event_groups.o
                0x080075a0                vEventGroupSetBitsCallback
 .text.prvTestWaitCondition
                0x080075ba       0x42 ./Middlewares/Third_Party/FreeRTOS/Source/event_groups.o
 .text.xEventGroupSetBitsFromISR
                0x080075fc       0x28 ./Middlewares/Third_Party/FreeRTOS/Source/event_groups.o
                0x080075fc                xEventGroupSetBitsFromISR
 .text.vListInitialise
                0x08007624       0x3e ./Middlewares/Third_Party/FreeRTOS/Source/list.o
                0x08007624                vListInitialise
 .text.vListInitialiseItem
                0x08007662       0x18 ./Middlewares/Third_Party/FreeRTOS/Source/list.o
                0x08007662                vListInitialiseItem
 .text.vListInsertEnd
                0x0800767a       0x46 ./Middlewares/Third_Party/FreeRTOS/Source/list.o
                0x0800767a                vListInsertEnd
 .text.vListInsert
                0x080076c0       0x70 ./Middlewares/Third_Party/FreeRTOS/Source/list.o
                0x080076c0                vListInsert
 .text.uxListRemove
                0x08007730       0x52 ./Middlewares/Third_Party/FreeRTOS/Source/list.o
                0x08007730                uxListRemove
 *fill*         0x08007782        0x2 
 .text.xQueueGenericReset
                0x08007784       0xd4 ./Middlewares/Third_Party/FreeRTOS/Source/queue.o
                0x08007784                xQueueGenericReset
 .text.xQueueGenericCreateStatic
                0x08007858       0xfa ./Middlewares/Third_Party/FreeRTOS/Source/queue.o
                0x08007858                xQueueGenericCreateStatic
 .text.xQueueGenericCreate
                0x08007952       0x76 ./Middlewares/Third_Party/FreeRTOS/Source/queue.o
                0x08007952                xQueueGenericCreate
 .text.prvInitialiseNewQueue
                0x080079c8       0x46 ./Middlewares/Third_Party/FreeRTOS/Source/queue.o
 .text.prvInitialiseMutex
                0x08007a0e       0x34 ./Middlewares/Third_Party/FreeRTOS/Source/queue.o
 .text.xQueueCreateMutex
                0x08007a42       0x30 ./Middlewares/Third_Party/FreeRTOS/Source/queue.o
                0x08007a42                xQueueCreateMutex
 .text.xQueueCreateMutexStatic
                0x08007a72       0x36 ./Middlewares/Third_Party/FreeRTOS/Source/queue.o
                0x08007a72                xQueueCreateMutexStatic
 .text.xQueueGiveMutexRecursive
                0x08007aa8       0x6a ./Middlewares/Third_Party/FreeRTOS/Source/queue.o
                0x08007aa8                xQueueGiveMutexRecursive
 .text.xQueueTakeMutexRecursive
                0x08007b12       0x6e ./Middlewares/Third_Party/FreeRTOS/Source/queue.o
                0x08007b12                xQueueTakeMutexRecursive
 .text.xQueueGenericSend
                0x08007b80      0x204 ./Middlewares/Third_Party/FreeRTOS/Source/queue.o
                0x08007b80                xQueueGenericSend
 .text.xQueueGenericSendFromISR
                0x08007d84      0x13c ./Middlewares/Third_Party/FreeRTOS/Source/queue.o
                0x08007d84                xQueueGenericSendFromISR
 .text.xQueueReceive
                0x08007ec0      0x1c4 ./Middlewares/Third_Party/FreeRTOS/Source/queue.o
                0x08007ec0                xQueueReceive
 .text.xQueueSemaphoreTake
                0x08008084      0x220 ./Middlewares/Third_Party/FreeRTOS/Source/queue.o
                0x08008084                xQueueSemaphoreTake
 .text.xQueueReceiveFromISR
                0x080082a4      0x104 ./Middlewares/Third_Party/FreeRTOS/Source/queue.o
                0x080082a4                xQueueReceiveFromISR
 .text.prvGetDisinheritPriorityAfterTimeout
                0x080083a8       0x2e ./Middlewares/Third_Party/FreeRTOS/Source/queue.o
 .text.prvCopyDataToQueue
                0x080083d6       0xd4 ./Middlewares/Third_Party/FreeRTOS/Source/queue.o
 .text.prvCopyDataFromQueue
                0x080084aa       0x4c ./Middlewares/Third_Party/FreeRTOS/Source/queue.o
 .text.prvUnlockQueue
                0x080084f6       0xa4 ./Middlewares/Third_Party/FreeRTOS/Source/queue.o
 .text.prvIsQueueEmpty
                0x0800859a       0x2c ./Middlewares/Third_Party/FreeRTOS/Source/queue.o
 .text.prvIsQueueFull
                0x080085c6       0x30 ./Middlewares/Third_Party/FreeRTOS/Source/queue.o
 *fill*         0x080085f6        0x2 
 .text.vQueueAddToRegistry
                0x080085f8       0x50 ./Middlewares/Third_Party/FreeRTOS/Source/queue.o
                0x080085f8                vQueueAddToRegistry
 .text.vQueueWaitForMessageRestricted
                0x08008648       0x68 ./Middlewares/Third_Party/FreeRTOS/Source/queue.o
                0x08008648                vQueueWaitForMessageRestricted
 .text.xTaskCreateStatic
                0x080086b0       0xc0 ./Middlewares/Third_Party/FreeRTOS/Source/tasks.o
                0x080086b0                xTaskCreateStatic
 .text.xTaskCreate
                0x08008770       0x8a ./Middlewares/Third_Party/FreeRTOS/Source/tasks.o
                0x08008770                xTaskCreate
 .text.prvInitialiseNewTask
                0x080087fa      0x120 ./Middlewares/Third_Party/FreeRTOS/Source/tasks.o
 *fill*         0x0800891a        0x2 
 .text.prvAddNewTaskToReadyList
                0x0800891c       0xe0 ./Middlewares/Third_Party/FreeRTOS/Source/tasks.o
 .text.vTaskDelay
                0x080089fc       0x6c ./Middlewares/Third_Party/FreeRTOS/Source/tasks.o
                0x080089fc                vTaskDelay
 .text.vTaskStartScheduler
                0x08008a68       0xd0 ./Middlewares/Third_Party/FreeRTOS/Source/tasks.o
                0x08008a68                vTaskStartScheduler
 .text.vTaskSuspendAll
                0x08008b38       0x1c ./Middlewares/Third_Party/FreeRTOS/Source/tasks.o
                0x08008b38                vTaskSuspendAll
 .text.xTaskResumeAll
                0x08008b54      0x13c ./Middlewares/Third_Party/FreeRTOS/Source/tasks.o
                0x08008b54                xTaskResumeAll
 .text.xTaskGetTickCount
                0x08008c90       0x1c ./Middlewares/Third_Party/FreeRTOS/Source/tasks.o
                0x08008c90                xTaskGetTickCount
 .text.xTaskGetTickCountFromISR
                0x08008cac       0x24 ./Middlewares/Third_Party/FreeRTOS/Source/tasks.o
                0x08008cac                xTaskGetTickCountFromISR
 .text.xTaskIncrementTick
                0x08008cd0      0x174 ./Middlewares/Third_Party/FreeRTOS/Source/tasks.o
                0x08008cd0                xTaskIncrementTick
 .text.vTaskSwitchContext
                0x08008e44       0xbc ./Middlewares/Third_Party/FreeRTOS/Source/tasks.o
                0x08008e44                vTaskSwitchContext
 .text.vTaskPlaceOnEventList
                0x08008f00       0x4c ./Middlewares/Third_Party/FreeRTOS/Source/tasks.o
                0x08008f00                vTaskPlaceOnEventList
 .text.vTaskPlaceOnUnorderedEventList
                0x08008f4c       0x7c ./Middlewares/Third_Party/FreeRTOS/Source/tasks.o
                0x08008f4c                vTaskPlaceOnUnorderedEventList
 .text.vTaskPlaceOnEventListRestricted
                0x08008fc8       0x58 ./Middlewares/Third_Party/FreeRTOS/Source/tasks.o
                0x08008fc8                vTaskPlaceOnEventListRestricted
 .text.xTaskRemoveFromEventList
                0x08009020       0xc8 ./Middlewares/Third_Party/FreeRTOS/Source/tasks.o
                0x08009020                xTaskRemoveFromEventList
 .text.vTaskRemoveFromUnorderedEventList
                0x080090e8       0xc8 ./Middlewares/Third_Party/FreeRTOS/Source/tasks.o
                0x080090e8                vTaskRemoveFromUnorderedEventList
 .text.vTaskInternalSetTimeOutState
                0x080091b0       0x2c ./Middlewares/Third_Party/FreeRTOS/Source/tasks.o
                0x080091b0                vTaskInternalSetTimeOutState
 .text.xTaskCheckForTimeOut
                0x080091dc       0xc8 ./Middlewares/Third_Party/FreeRTOS/Source/tasks.o
                0x080091dc                xTaskCheckForTimeOut
 .text.vTaskMissedYield
                0x080092a4       0x18 ./Middlewares/Third_Party/FreeRTOS/Source/tasks.o
                0x080092a4                vTaskMissedYield
 .text.prvIdleTask
                0x080092bc       0x30 ./Middlewares/Third_Party/FreeRTOS/Source/tasks.o
 .text.prvInitialiseTaskLists
                0x080092ec       0x80 ./Middlewares/Third_Party/FreeRTOS/Source/tasks.o
 .text.prvCheckTasksWaitingTermination
                0x0800936c       0x5c ./Middlewares/Third_Party/FreeRTOS/Source/tasks.o
 .text.prvDeleteTCB
                0x080093c8       0x60 ./Middlewares/Third_Party/FreeRTOS/Source/tasks.o
 .text.prvResetNextTaskUnblockTime
                0x08009428       0x40 ./Middlewares/Third_Party/FreeRTOS/Source/tasks.o
 .text.xTaskGetCurrentTaskHandle
                0x08009468       0x1c ./Middlewares/Third_Party/FreeRTOS/Source/tasks.o
                0x08009468                xTaskGetCurrentTaskHandle
 .text.xTaskGetSchedulerState
                0x08009484       0x3c ./Middlewares/Third_Party/FreeRTOS/Source/tasks.o
                0x08009484                xTaskGetSchedulerState
 .text.xTaskPriorityInherit
                0x080094c0       0xd0 ./Middlewares/Third_Party/FreeRTOS/Source/tasks.o
                0x080094c0                xTaskPriorityInherit
 .text.xTaskPriorityDisinherit
                0x08009590       0xe0 ./Middlewares/Third_Party/FreeRTOS/Source/tasks.o
                0x08009590                xTaskPriorityDisinherit
 .text.vTaskPriorityDisinheritAfterTimeout
                0x08009670      0x108 ./Middlewares/Third_Party/FreeRTOS/Source/tasks.o
                0x08009670                vTaskPriorityDisinheritAfterTimeout
 .text.uxTaskResetEventItemValue
                0x08009778       0x30 ./Middlewares/Third_Party/FreeRTOS/Source/tasks.o
                0x08009778                uxTaskResetEventItemValue
 .text.pvTaskIncrementMutexHeldCount
                0x080097a8       0x28 ./Middlewares/Third_Party/FreeRTOS/Source/tasks.o
                0x080097a8                pvTaskIncrementMutexHeldCount
 .text.prvAddCurrentTaskToDelayedList
                0x080097d0       0xa8 ./Middlewares/Third_Party/FreeRTOS/Source/tasks.o
 .text.xTimerCreateTimerTask
                0x08009878       0x94 ./Middlewares/Third_Party/FreeRTOS/Source/timers.o
                0x08009878                xTimerCreateTimerTask
 .text.xTimerGenericCommand
                0x0800990c       0x9c ./Middlewares/Third_Party/FreeRTOS/Source/timers.o
                0x0800990c                xTimerGenericCommand
 .text.prvProcessExpiredTimer
                0x080099a8       0x9c ./Middlewares/Third_Party/FreeRTOS/Source/timers.o
 .text.prvTimerTask
                0x08009a44       0x26 ./Middlewares/Third_Party/FreeRTOS/Source/timers.o
 *fill*         0x08009a6a        0x2 
 .text.prvProcessTimerOrBlockTask
                0x08009a6c       0x9c ./Middlewares/Third_Party/FreeRTOS/Source/timers.o
 .text.prvGetNextExpireTime
                0x08009b08       0x44 ./Middlewares/Third_Party/FreeRTOS/Source/timers.o
 .text.prvSampleTimeNow
                0x08009b4c       0x40 ./Middlewares/Third_Party/FreeRTOS/Source/timers.o
 .text.prvInsertTimerInActiveList
                0x08009b8c       0x84 ./Middlewares/Third_Party/FreeRTOS/Source/timers.o
 .text.prvProcessReceivedCommands
                0x08009c10      0x1cc ./Middlewares/Third_Party/FreeRTOS/Source/timers.o
 .text.prvSwitchTimerLists
                0x08009ddc       0xcc ./Middlewares/Third_Party/FreeRTOS/Source/timers.o
 .text.prvCheckForValidListAndQueue
                0x08009ea8       0x80 ./Middlewares/Third_Party/FreeRTOS/Source/timers.o
 .text.xTimerPendFunctionCallFromISR
                0x08009f28       0x40 ./Middlewares/Third_Party/FreeRTOS/Source/timers.o
                0x08009f28                xTimerPendFunctionCallFromISR
 .text.pxPortInitialiseStack
                0x08009f68       0x58 ./Middlewares/Third_Party/FreeRTOS/Source/portable/GCC/ARM_CM3/port.o
                0x08009f68                pxPortInitialiseStack
 .text.prvTaskExitError
                0x08009fc0       0x58 ./Middlewares/Third_Party/FreeRTOS/Source/portable/GCC/ARM_CM3/port.o
 *fill*         0x0800a018        0x8 
 .text.SVC_Handler
                0x0800a020       0x28 ./Middlewares/Third_Party/FreeRTOS/Source/portable/GCC/ARM_CM3/port.o
                0x0800a020                SVC_Handler
 .text.prvPortStartFirstTask
                0x0800a048       0x20 ./Middlewares/Third_Party/FreeRTOS/Source/portable/GCC/ARM_CM3/port.o
 .text.xPortStartScheduler
                0x0800a068       0xe4 ./Middlewares/Third_Party/FreeRTOS/Source/portable/GCC/ARM_CM3/port.o
                0x0800a068                xPortStartScheduler
 .text.vPortEnterCritical
                0x0800a14c       0x60 ./Middlewares/Third_Party/FreeRTOS/Source/portable/GCC/ARM_CM3/port.o
                0x0800a14c                vPortEnterCritical
 .text.vPortExitCritical
                0x0800a1ac       0x54 ./Middlewares/Third_Party/FreeRTOS/Source/portable/GCC/ARM_CM3/port.o
                0x0800a1ac                vPortExitCritical
 .text.PendSV_Handler
                0x0800a200       0x48 ./Middlewares/Third_Party/FreeRTOS/Source/portable/GCC/ARM_CM3/port.o
                0x0800a200                PendSV_Handler
 .text.xPortSysTickHandler
                0x0800a248       0x44 ./Middlewares/Third_Party/FreeRTOS/Source/portable/GCC/ARM_CM3/port.o
                0x0800a248                xPortSysTickHandler
 .text.vPortSetupTimerInterrupt
                0x0800a28c       0x44 ./Middlewares/Third_Party/FreeRTOS/Source/portable/GCC/ARM_CM3/port.o
                0x0800a28c                vPortSetupTimerInterrupt
 .text.vPortValidateInterruptPriority
                0x0800a2d0       0x80 ./Middlewares/Third_Party/FreeRTOS/Source/portable/GCC/ARM_CM3/port.o
                0x0800a2d0                vPortValidateInterruptPriority
 .text.pvPortMalloc
                0x0800a350      0x19c ./Middlewares/Third_Party/FreeRTOS/Source/portable/MemMang/heap_4.o
                0x0800a350                pvPortMalloc
 .text.vPortFree
                0x0800a4ec       0xc8 ./Middlewares/Third_Party/FreeRTOS/Source/portable/MemMang/heap_4.o
                0x0800a4ec                vPortFree
 .text.prvHeapInit
                0x0800a5b4       0xc4 ./Middlewares/Third_Party/FreeRTOS/Source/portable/MemMang/heap_4.o
 .text.prvInsertBlockIntoFreeList
                0x0800a678       0xb0 ./Middlewares/Third_Party/FreeRTOS/Source/portable/MemMang/heap_4.o
 .text.ssd1306_Reset
                0x0800a728        0xc ./ssd1306/ssd1306.o
                0x0800a728                ssd1306_Reset
 .text.ssd1306_WriteCommand
                0x0800a734       0x30 ./ssd1306/ssd1306.o
                0x0800a734                ssd1306_WriteCommand
 .text.ssd1306_WriteData
                0x0800a764       0x34 ./ssd1306/ssd1306.o
                0x0800a764                ssd1306_WriteData
 .text.ssd1306_Init
                0x0800a798       0xd4 ./ssd1306/ssd1306.o
                0x0800a798                ssd1306_Init
 .text.ssd1306_Fill
                0x0800a86c       0x30 ./ssd1306/ssd1306.o
                0x0800a86c                ssd1306_Fill
 .text.ssd1306_UpdateScreen
                0x0800a89c       0x50 ./ssd1306/ssd1306.o
                0x0800a89c                ssd1306_UpdateScreen
 .text.ssd1306_DrawPixel
                0x0800a8ec       0xa4 ./ssd1306/ssd1306.o
                0x0800a8ec                ssd1306_DrawPixel
 .text.ssd1306_WriteChar
                0x0800a990      0x124 ./ssd1306/ssd1306.o
                0x0800a990                ssd1306_WriteChar
 .text.ssd1306_WriteString
                0x0800aab4       0x4c ./ssd1306/ssd1306.o
                0x0800aab4                ssd1306_WriteString
 .text.ssd1306_SetCursor
                0x0800ab00       0x30 ./ssd1306/ssd1306.o
                0x0800ab00                ssd1306_SetCursor
 .text.ssd1306_Line
                0x0800ab30       0xd8 ./ssd1306/ssd1306.o
                0x0800ab30                ssd1306_Line
 .text.ssd1306_SetContrast
                0x0800ac08       0x26 ./ssd1306/ssd1306.o
                0x0800ac08                ssd1306_SetContrast
 *fill*         0x0800ac2e        0x2 
 .text.ssd1306_SetDisplayOn
                0x0800ac30       0x3c ./ssd1306/ssd1306.o
                0x0800ac30                ssd1306_SetDisplayOn
 .text.snprintf
                0x0800ac6c       0x6c D:/ST/STM32CubeIDE_1.19.0/STM32CubeIDE/plugins/com.st.stm32cube.ide.mcu.externaltools.gnu-tools-for-stm32.13.3.rel1.win32_1.0.0.202411081344/tools/bin/../lib/gcc/arm-none-eabi/13.3.1/../../../../arm-none-eabi/lib/thumb/v7-m/nofp\libc_nano.a(libc_a-snprintf.o)
                0x0800ac6c                sniprintf
                0x0800ac6c                snprintf
 .text.memmove  0x0800acd8       0x34 D:/ST/STM32CubeIDE_1.19.0/STM32CubeIDE/plugins/com.st.stm32cube.ide.mcu.externaltools.gnu-tools-for-stm32.13.3.rel1.win32_1.0.0.202411081344/tools/bin/../lib/gcc/arm-none-eabi/13.3.1/../../../../arm-none-eabi/lib/thumb/v7-m/nofp\libc_nano.a(libc_a-memmove.o)
                0x0800acd8                memmove
 .text.memset   0x0800ad0c       0x10 D:/ST/STM32CubeIDE_1.19.0/STM32CubeIDE/plugins/com.st.stm32cube.ide.mcu.externaltools.gnu-tools-for-stm32.13.3.rel1.win32_1.0.0.202411081344/tools/bin/../lib/gcc/arm-none-eabi/13.3.1/../../../../arm-none-eabi/lib/thumb/v7-m/nofp\libc_nano.a(libc_a-memset.o)
                0x0800ad0c                memset
 .text.__errno  0x0800ad1c        0xc D:/ST/STM32CubeIDE_1.19.0/STM32CubeIDE/plugins/com.st.stm32cube.ide.mcu.externaltools.gnu-tools-for-stm32.13.3.rel1.win32_1.0.0.202411081344/tools/bin/../lib/gcc/arm-none-eabi/13.3.1/../../../../arm-none-eabi/lib/thumb/v7-m/nofp\libc_nano.a(libc_a-errno.o)
                0x0800ad1c                __errno
 .text.__libc_init_array
                0x0800ad28       0x48 D:/ST/STM32CubeIDE_1.19.0/STM32CubeIDE/plugins/com.st.stm32cube.ide.mcu.externaltools.gnu-tools-for-stm32.13.3.rel1.win32_1.0.0.202411081344/tools/bin/../lib/gcc/arm-none-eabi/13.3.1/../../../../arm-none-eabi/lib/thumb/v7-m/nofp\libc_nano.a(libc_a-init.o)
                0x0800ad28                __libc_init_array
 .text.__retarget_lock_acquire_recursive
                0x0800ad70        0x2 D:/ST/STM32CubeIDE_1.19.0/STM32CubeIDE/plugins/com.st.stm32cube.ide.mcu.externaltools.gnu-tools-for-stm32.13.3.rel1.win32_1.0.0.202411081344/tools/bin/../lib/gcc/arm-none-eabi/13.3.1/../../../../arm-none-eabi/lib/thumb/v7-m/nofp\libc_nano.a(libc_a-lock.o)
                0x0800ad70                __retarget_lock_acquire_recursive
 .text.__retarget_lock_release_recursive
                0x0800ad72        0x2 D:/ST/STM32CubeIDE_1.19.0/STM32CubeIDE/plugins/com.st.stm32cube.ide.mcu.externaltools.gnu-tools-for-stm32.13.3.rel1.win32_1.0.0.202411081344/tools/bin/../lib/gcc/arm-none-eabi/13.3.1/../../../../arm-none-eabi/lib/thumb/v7-m/nofp\libc_nano.a(libc_a-lock.o)
                0x0800ad72                __retarget_lock_release_recursive
 .text.memcpy   0x0800ad74       0x1c D:/ST/STM32CubeIDE_1.19.0/STM32CubeIDE/plugins/com.st.stm32cube.ide.mcu.externaltools.gnu-tools-for-stm32.13.3.rel1.win32_1.0.0.202411081344/tools/bin/../lib/gcc/arm-none-eabi/13.3.1/../../../../arm-none-eabi/lib/thumb/v7-m/nofp\libc_nano.a(libc_a-memcpy-stub.o)
                0x0800ad74                memcpy
 .text._free_r  0x0800ad90       0x90 D:/ST/STM32CubeIDE_1.19.0/STM32CubeIDE/plugins/com.st.stm32cube.ide.mcu.externaltools.gnu-tools-for-stm32.13.3.rel1.win32_1.0.0.202411081344/tools/bin/../lib/gcc/arm-none-eabi/13.3.1/../../../../arm-none-eabi/lib/thumb/v7-m/nofp\libc_nano.a(libc_a-freer.o)
                0x0800ad90                _free_r
 .text.sbrk_aligned
                0x0800ae20       0x44 D:/ST/STM32CubeIDE_1.19.0/STM32CubeIDE/plugins/com.st.stm32cube.ide.mcu.externaltools.gnu-tools-for-stm32.13.3.rel1.win32_1.0.0.202411081344/tools/bin/../lib/gcc/arm-none-eabi/13.3.1/../../../../arm-none-eabi/lib/thumb/v7-m/nofp\libc_nano.a(libc_a-mallocr.o)
 .text._malloc_r
                0x0800ae64      0x100 D:/ST/STM32CubeIDE_1.19.0/STM32CubeIDE/plugins/com.st.stm32cube.ide.mcu.externaltools.gnu-tools-for-stm32.13.3.rel1.win32_1.0.0.202411081344/tools/bin/../lib/gcc/arm-none-eabi/13.3.1/../../../../arm-none-eabi/lib/thumb/v7-m/nofp\libc_nano.a(libc_a-mallocr.o)
                0x0800ae64                _malloc_r
 .text.__malloc_lock
                0x0800af64        0xc D:/ST/STM32CubeIDE_1.19.0/STM32CubeIDE/plugins/com.st.stm32cube.ide.mcu.externaltools.gnu-tools-for-stm32.13.3.rel1.win32_1.0.0.202411081344/tools/bin/../lib/gcc/arm-none-eabi/13.3.1/../../../../arm-none-eabi/lib/thumb/v7-m/nofp\libc_nano.a(libc_a-mlock.o)
                0x0800af64                __malloc_lock
 .text.__malloc_unlock
                0x0800af70        0xc D:/ST/STM32CubeIDE_1.19.0/STM32CubeIDE/plugins/com.st.stm32cube.ide.mcu.externaltools.gnu-tools-for-stm32.13.3.rel1.win32_1.0.0.202411081344/tools/bin/../lib/gcc/arm-none-eabi/13.3.1/../../../../arm-none-eabi/lib/thumb/v7-m/nofp\libc_nano.a(libc_a-mlock.o)
                0x0800af70                __malloc_unlock
 .text.__ssputs_r
                0x0800af7c       0xb6 D:/ST/STM32CubeIDE_1.19.0/STM32CubeIDE/plugins/com.st.stm32cube.ide.mcu.externaltools.gnu-tools-for-stm32.13.3.rel1.win32_1.0.0.202411081344/tools/bin/../lib/gcc/arm-none-eabi/13.3.1/../../../../arm-none-eabi/lib/thumb/v7-m/nofp\libc_nano.a(libc_a-nano-svfprintf.o)
                0x0800af7c                __ssputs_r
 *fill*         0x0800b032        0x2 
 .text._svfprintf_r
                0x0800b034      0x1f8 D:/ST/STM32CubeIDE_1.19.0/STM32CubeIDE/plugins/com.st.stm32cube.ide.mcu.externaltools.gnu-tools-for-stm32.13.3.rel1.win32_1.0.0.202411081344/tools/bin/../lib/gcc/arm-none-eabi/13.3.1/../../../../arm-none-eabi/lib/thumb/v7-m/nofp\libc_nano.a(libc_a-nano-svfprintf.o)
                0x0800b034                _svfiprintf_r
                0x0800b034                _svfprintf_r
 .text._printf_common
                0x0800b22c       0xe4 D:/ST/STM32CubeIDE_1.19.0/STM32CubeIDE/plugins/com.st.stm32cube.ide.mcu.externaltools.gnu-tools-for-stm32.13.3.rel1.win32_1.0.0.202411081344/tools/bin/../lib/gcc/arm-none-eabi/13.3.1/../../../../arm-none-eabi/lib/thumb/v7-m/nofp\libc_nano.a(libc_a-nano-vfprintf_i.o)
                0x0800b22c                _printf_common
 .text._printf_i
                0x0800b310      0x23c D:/ST/STM32CubeIDE_1.19.0/STM32CubeIDE/plugins/com.st.stm32cube.ide.mcu.externaltools.gnu-tools-for-stm32.13.3.rel1.win32_1.0.0.202411081344/tools/bin/../lib/gcc/arm-none-eabi/13.3.1/../../../../arm-none-eabi/lib/thumb/v7-m/nofp\libc_nano.a(libc_a-nano-vfprintf_i.o)
                0x0800b310                _printf_i
 .text._sbrk_r  0x0800b54c       0x20 D:/ST/STM32CubeIDE_1.19.0/STM32CubeIDE/plugins/com.st.stm32cube.ide.mcu.externaltools.gnu-tools-for-stm32.13.3.rel1.win32_1.0.0.202411081344/tools/bin/../lib/gcc/arm-none-eabi/13.3.1/../../../../arm-none-eabi/lib/thumb/v7-m/nofp\libc_nano.a(libc_a-sbrkr.o)
                0x0800b54c                _sbrk_r
 .text.memchr   0x0800b56c       0x1c D:/ST/STM32CubeIDE_1.19.0/STM32CubeIDE/plugins/com.st.stm32cube.ide.mcu.externaltools.gnu-tools-for-stm32.13.3.rel1.win32_1.0.0.202411081344/tools/bin/../lib/gcc/arm-none-eabi/13.3.1/../../../../arm-none-eabi/lib/thumb/v7-m/nofp\libc_nano.a(libc_a-memchr-stub.o)
                0x0800b56c                memchr
 .text._realloc_r
                0x0800b588       0x5c D:/ST/STM32CubeIDE_1.19.0/STM32CubeIDE/plugins/com.st.stm32cube.ide.mcu.externaltools.gnu-tools-for-stm32.13.3.rel1.win32_1.0.0.202411081344/tools/bin/../lib/gcc/arm-none-eabi/13.3.1/../../../../arm-none-eabi/lib/thumb/v7-m/nofp\libc_nano.a(libc_a-reallocr.o)
                0x0800b588                _realloc_r
 .text._malloc_usable_size_r
                0x0800b5e4       0x10 D:/ST/STM32CubeIDE_1.19.0/STM32CubeIDE/plugins/com.st.stm32cube.ide.mcu.externaltools.gnu-tools-for-stm32.13.3.rel1.win32_1.0.0.202411081344/tools/bin/../lib/gcc/arm-none-eabi/13.3.1/../../../../arm-none-eabi/lib/thumb/v7-m/nofp\libc_nano.a(libc_a-msizer.o)
                0x0800b5e4                _malloc_usable_size_r
 *(.glue_7)
 .glue_7        0x0800b5f4        0x0 linker stubs
 *(.glue_7t)
 .glue_7t       0x0800b5f4        0x0 linker stubs
 *(.eh_frame)
 .eh_frame      0x0800b5f4        0x0 D:/ST/STM32CubeIDE_1.19.0/STM32CubeIDE/plugins/com.st.stm32cube.ide.mcu.externaltools.gnu-tools-for-stm32.13.3.rel1.win32_1.0.0.202411081344/tools/bin/../lib/gcc/arm-none-eabi/13.3.1/thumb/v7-m/nofp/crtbegin.o
 *(.init)
 .init          0x0800b5f4        0x4 D:/ST/STM32CubeIDE_1.19.0/STM32CubeIDE/plugins/com.st.stm32cube.ide.mcu.externaltools.gnu-tools-for-stm32.13.3.rel1.win32_1.0.0.202411081344/tools/bin/../lib/gcc/arm-none-eabi/13.3.1/thumb/v7-m/nofp/crti.o
                0x0800b5f4                _init
 .init          0x0800b5f8        0x8 D:/ST/STM32CubeIDE_1.19.0/STM32CubeIDE/plugins/com.st.stm32cube.ide.mcu.externaltools.gnu-tools-for-stm32.13.3.rel1.win32_1.0.0.202411081344/tools/bin/../lib/gcc/arm-none-eabi/13.3.1/thumb/v7-m/nofp/crtn.o
 *(.fini)
 .fini          0x0800b600        0x4 D:/ST/STM32CubeIDE_1.19.0/STM32CubeIDE/plugins/com.st.stm32cube.ide.mcu.externaltools.gnu-tools-for-stm32.13.3.rel1.win32_1.0.0.202411081344/tools/bin/../lib/gcc/arm-none-eabi/13.3.1/thumb/v7-m/nofp/crti.o
                0x0800b600                _fini
 .fini          0x0800b604        0x8 D:/ST/STM32CubeIDE_1.19.0/STM32CubeIDE/plugins/com.st.stm32cube.ide.mcu.externaltools.gnu-tools-for-stm32.13.3.rel1.win32_1.0.0.202411081344/tools/bin/../lib/gcc/arm-none-eabi/13.3.1/thumb/v7-m/nofp/crtn.o
                0x0800b60c                        . = ALIGN (0x4)
                0x0800b60c                        _etext = .

.vfp11_veneer   0x0800b60c        0x0
 .vfp11_veneer  0x0800b60c        0x0 linker stubs

.v4_bx          0x0800b60c        0x0
 .v4_bx         0x0800b60c        0x0 linker stubs

.iplt           0x0800b60c        0x0
 .iplt          0x0800b60c        0x0 D:/ST/STM32CubeIDE_1.19.0/STM32CubeIDE/plugins/com.st.stm32cube.ide.mcu.externaltools.gnu-tools-for-stm32.13.3.rel1.win32_1.0.0.202411081344/tools/bin/../lib/gcc/arm-none-eabi/13.3.1/thumb/v7-m/nofp/crtbegin.o

.rodata         0x0800b60c      0xb30
                0x0800b60c                        . = ALIGN (0x4)
 *(.rodata)
 .rodata        0x0800b60c      0x234 ./Core/Src/main.o
 .rodata        0x0800b840        0x5 ./Middlewares/Third_Party/FreeRTOS/Source/tasks.o
 *fill*         0x0800b845        0x3 
 .rodata        0x0800b848        0xd ./Middlewares/Third_Party/FreeRTOS/Source/timers.o
 *(.rodata*)
 *fill*         0x0800b855        0x3 
 .rodata.defaultTask_attributes
                0x0800b858       0x24 ./Core/Src/main.o
                0x0800b858                defaultTask_attributes
 .rodata.inputTask_attributes
                0x0800b87c       0x24 ./Core/Src/main.o
                0x0800b87c                inputTask_attributes
 .rodata.sensorTask_attributes
                0x0800b8a0       0x24 ./Core/Src/main.o
                0x0800b8a0                sensorTask_attributes
 .rodata.logicTask_attributes
                0x0800b8c4       0x24 ./Core/Src/main.o
                0x0800b8c4                logicTask_attributes
 .rodata.displayTask_attributes
                0x0800b8e8       0x24 ./Core/Src/main.o
                0x0800b8e8                displayTask_attributes
 .rodata.dhtTask_attributes
                0x0800b90c       0x24 ./Core/Src/main.o
                0x0800b90c                dhtTask_attributes
 .rodata.appMutex_attributes
                0x0800b930       0x10 ./Core/Src/main.o
                0x0800b930                appMutex_attributes
 .rodata.oledMutex_attributes
                0x0800b940       0x10 ./Core/Src/main.o
                0x0800b940                oledMutex_attributes
 .rodata.AHBPrescTable
                0x0800b950       0x10 ./Core/Src/system_stm32f1xx.o
                0x0800b950                AHBPrescTable
 .rodata.APBPrescTable
                0x0800b960        0x8 ./Core/Src/system_stm32f1xx.o
                0x0800b960                APBPrescTable
 .rodata.aPLLMULFactorTable.1
                0x0800b968       0x10 ./Drivers/STM32F1xx_HAL_Driver/Src/stm32f1xx_hal_rcc.o
 .rodata.aPredivFactorTable.0
                0x0800b978        0x2 ./Drivers/STM32F1xx_HAL_Driver/Src/stm32f1xx_hal_rcc.o
 *fill*         0x0800b97a        0x2 
 .rodata.aPLLMULFactorTable.1
                0x0800b97c       0x10 ./Drivers/STM32F1xx_HAL_Driver/Src/stm32f1xx_hal_rcc_ex.o
 .rodata.aPredivFactorTable.0
                0x0800b98c        0x2 ./Drivers/STM32F1xx_HAL_Driver/Src/stm32f1xx_hal_rcc_ex.o
 *fill*         0x0800b98e        0x2 
 .rodata.Font7x10
                0x0800b990      0x76c ./ssd1306/ssd1306_fonts.o
 .rodata.Font_7x10
                0x0800c0fc        0xc ./ssd1306/ssd1306_fonts.o
                0x0800c0fc                Font_7x10
 .rodata._svfprintf_r.str1.1
                0x0800c108       0x33 D:/ST/STM32CubeIDE_1.19.0/STM32CubeIDE/plugins/com.st.stm32cube.ide.mcu.externaltools.gnu-tools-for-stm32.13.3.rel1.win32_1.0.0.202411081344/tools/bin/../lib/gcc/arm-none-eabi/13.3.1/../../../../arm-none-eabi/lib/thumb/v7-m/nofp\libc_nano.a(libc_a-nano-svfprintf.o)
                                 0x11 (size before relaxing)
 .rodata._printf_i.str1.1
                0x0800c13b       0x22 D:/ST/STM32CubeIDE_1.19.0/STM32CubeIDE/plugins/com.st.stm32cube.ide.mcu.externaltools.gnu-tools-for-stm32.13.3.rel1.win32_1.0.0.202411081344/tools/bin/../lib/gcc/arm-none-eabi/13.3.1/../../../../arm-none-eabi/lib/thumb/v7-m/nofp\libc_nano.a(libc_a-nano-vfprintf_i.o)
                0x0800c160                        . = ALIGN (0x4)
 *fill*         0x0800c13b        0x1 

.ARM.extab      0x0800c13c        0x0
                0x0800c13c                        . = ALIGN (0x4)
 *(.ARM.extab* .gnu.linkonce.armextab.*)
                0x0800c13c                        . = ALIGN (0x4)

.ARM            0x0800c13c        0x0
                0x0800c13c                        . = ALIGN (0x4)
                0x0800c13c                        __exidx_start = .
 *(.ARM.exidx*)
                0x0800c13c                        __exidx_end = .
                0x0800c13c                        . = ALIGN (0x4)

.preinit_array  0x0800c13c        0x0
                0x0800c13c                        . = ALIGN (0x4)
                0x0800c13c                        PROVIDE (__preinit_array_start = .)
 *(.preinit_array*)
                0x0800c13c                        PROVIDE (__preinit_array_end = .)
                0x0800c13c                        . = ALIGN (0x4)

.init_array     0x0800c13c        0x4
                0x0800c13c                        . = ALIGN (0x4)
                0x0800c13c                        PROVIDE (__init_array_start = .)
 *(SORT_BY_NAME(.init_array.*))
 *(.init_array*)
 .init_array    0x0800c13c        0x4 D:/ST/STM32CubeIDE_1.19.0/STM32CubeIDE/plugins/com.st.stm32cube.ide.mcu.externaltools.gnu-tools-for-stm32.13.3.rel1.win32_1.0.0.202411081344/tools/bin/../lib/gcc/arm-none-eabi/13.3.1/thumb/v7-m/nofp/crtbegin.o
                0x0800c140                        PROVIDE (__init_array_end = .)
                0x0800c140                        . = ALIGN (0x4)

.fini_array     0x0800c140        0x4
                0x0800c140                        . = ALIGN (0x4)
                [!provide]                        PROVIDE (__fini_array_start = .)
 *(SORT_BY_NAME(.fini_array.*))
 *(.fini_array*)
 .fini_array    0x0800c140        0x4 D:/ST/STM32CubeIDE_1.19.0/STM32CubeIDE/plugins/com.st.stm32cube.ide.mcu.externaltools.gnu-tools-for-stm32.13.3.rel1.win32_1.0.0.202411081344/tools/bin/../lib/gcc/arm-none-eabi/13.3.1/thumb/v7-m/nofp/crtbegin.o
                [!provide]                        PROVIDE (__fini_array_end = .)
                0x0800c144                        . = ALIGN (0x4)
                0x0800c144                        _sidata = LOADADDR (.data)

.rel.dyn        0x0800c144        0x0
 .rel.iplt      0x0800c144        0x0 D:/ST/STM32CubeIDE_1.19.0/STM32CubeIDE/plugins/com.st.stm32cube.ide.mcu.externaltools.gnu-tools-for-stm32.13.3.rel1.win32_1.0.0.202411081344/tools/bin/../lib/gcc/arm-none-eabi/13.3.1/thumb/v7-m/nofp/crtbegin.o

.data           0x20000000       0xb0 load address 0x0800c144
                0x20000000                        . = ALIGN (0x4)
                0x20000000                        _sdata = .
 *(.data)
 *(.data*)
 .data.gTimeScale
                0x20000000        0x4 ./Core/Src/main.o
                0x20000000                gTimeScale
 .data.gSensorData
                0x20000004       0x1c ./Core/Src/main.o
                0x20000004                gSensorData
 .data.plants   0x20000020       0x30 ./Core/Src/main.o
                0x20000020                plants
 .data.SystemCoreClock
                0x20000050        0x4 ./Core/Src/system_stm32f1xx.o
                0x20000050                SystemCoreClock
 .data.uwTickPrio
                0x20000054        0x4 ./Drivers/STM32F1xx_HAL_Driver/Src/stm32f1xx_hal.o
                0x20000054                uwTickPrio
 .data.uwTickFreq
                0x20000058        0x1 ./Drivers/STM32F1xx_HAL_Driver/Src/stm32f1xx_hal.o
                0x20000058                uwTickFreq
 *fill*         0x20000059        0x3 
 .data.uxCriticalNesting
                0x2000005c        0x4 ./Middlewares/Third_Party/FreeRTOS/Source/portable/GCC/ARM_CM3/port.o
 .data._impure_ptr
                0x20000060        0x4 D:/ST/STM32CubeIDE_1.19.0/STM32CubeIDE/plugins/com.st.stm32cube.ide.mcu.externaltools.gnu-tools-for-stm32.13.3.rel1.win32_1.0.0.202411081344/tools/bin/../lib/gcc/arm-none-eabi/13.3.1/../../../../arm-none-eabi/lib/thumb/v7-m/nofp\libc_nano.a(libc_a-impure.o)
                0x20000060                _impure_ptr
 .data._impure_data
                0x20000064       0x4c D:/ST/STM32CubeIDE_1.19.0/STM32CubeIDE/plugins/com.st.stm32cube.ide.mcu.externaltools.gnu-tools-for-stm32.13.3.rel1.win32_1.0.0.202411081344/tools/bin/../lib/gcc/arm-none-eabi/13.3.1/../../../../arm-none-eabi/lib/thumb/v7-m/nofp\libc_nano.a(libc_a-impure.o)
                0x20000064                _impure_data
 *(.RamFunc)
 *(.RamFunc*)
                0x200000b0                        . = ALIGN (0x4)
                0x200000b0                        _edata = .

.igot.plt       0x200000b0        0x0 load address 0x0800c1f4
 .igot.plt      0x200000b0        0x0 D:/ST/STM32CubeIDE_1.19.0/STM32CubeIDE/plugins/com.st.stm32cube.ide.mcu.externaltools.gnu-tools-for-stm32.13.3.rel1.win32_1.0.0.202411081344/tools/bin/../lib/gcc/arm-none-eabi/13.3.1/thumb/v7-m/nofp/crtbegin.o
                0x200000b0                        . = ALIGN (0x4)

.bss            0x200000b0     0x34d0 load address 0x0800c1f4
                0x200000b0                        _sbss = .
                0x200000b0                        __bss_start__ = _sbss
 *(.bss)
 .bss           0x200000b0       0x1c D:/ST/STM32CubeIDE_1.19.0/STM32CubeIDE/plugins/com.st.stm32cube.ide.mcu.externaltools.gnu-tools-for-stm32.13.3.rel1.win32_1.0.0.202411081344/tools/bin/../lib/gcc/arm-none-eabi/13.3.1/thumb/v7-m/nofp/crtbegin.o
 *(.bss*)
 .bss.DHT1      0x200000cc       0x1c ./Core/Src/main.o
                0x200000cc                DHT1
 .bss.dhtOk     0x200000e8        0x1 ./Core/Src/main.o
                0x200000e8                dhtOk
 *fill*         0x200000e9        0x3 
 .bss.gDhtTempCache
                0x200000ec        0x4 ./Core/Src/main.o
                0x200000ec                gDhtTempCache
 .bss.gDhtHumidCache
                0x200000f0        0x4 ./Core/Src/main.o
                0x200000f0                gDhtHumidCache
 .bss.gDhtHasValidData
                0x200000f4        0x1 ./Core/Src/main.o
                0x200000f4                gDhtHasValidData
 *fill*         0x200000f5        0x1 
 .bss.adcSoilRaw
                0x200000f6        0x2 ./Core/Src/main.o
                0x200000f6                adcSoilRaw
 .bss.adcLightRaw
                0x200000f8        0x2 ./Core/Src/main.o
                0x200000f8                adcLightRaw
 .bss.adcAuxRaw
                0x200000fa        0x2 ./Core/Src/main.o
                0x200000fa                adcAuxRaw
 .bss.currentScreen
                0x200000fc        0x1 ./Core/Src/main.o
                0x200000fc                currentScreen
 .bss.menuIndex
                0x200000fd        0x1 ./Core/Src/main.o
                0x200000fd                menuIndex
 .bss.plantIndex
                0x200000fe        0x1 ./Core/Src/main.o
                0x200000fe                plantIndex
 .bss.previewPlantId
                0x200000ff        0x1 ./Core/Src/main.o
                0x200000ff                previewPlantId
 .bss.activePlantId
                0x20000100        0x1 ./Core/Src/main.o
                0x20000100                activePlantId
 .bss.confirmIndex
                0x20000101        0x1 ./Core/Src/main.o
                0x20000101                confirmIndex
 .bss.historyIndex
                0x20000102        0x1 ./Core/Src/main.o
                0x20000102                historyIndex
 .bss.infoScroll
                0x20000103        0x1 ./Core/Src/main.o
                0x20000103                infoScroll
 .bss.activeInfoScroll
                0x20000104        0x1 ./Core/Src/main.o
                0x20000104                activeInfoScroll
 .bss.homeScroll
                0x20000105        0x1 ./Core/Src/main.o
                0x20000105                homeScroll
 .bss.hasActivePlant
                0x20000106        0x1 ./Core/Src/main.o
                0x20000106                hasActivePlant
 *fill*         0x20000107        0x1 
 .bss.gPersist  0x20000108       0x24 ./Core/Src/main.o
                0x20000108                gPersist
 .bss.dhtValidCount
                0x2000012c        0x4 ./Core/Src/main.o
                0x2000012c                dhtValidCount
 .bss.hadc1     0x20000130       0x30 ./Core/Src/main.o
                0x20000130                hadc1
 .bss.hi2c1     0x20000160       0x54 ./Core/Src/main.o
                0x20000160                hi2c1
 .bss.htim3     0x200001b4       0x48 ./Core/Src/main.o
                0x200001b4                htim3
 .bss.huart1    0x200001fc       0x48 ./Core/Src/main.o
                0x200001fc                huart1
 .bss.defaultTaskHandle
                0x20000244        0x4 ./Core/Src/main.o
                0x20000244                defaultTaskHandle
 .bss.inputTaskHandle
                0x20000248        0x4 ./Core/Src/main.o
                0x20000248                inputTaskHandle
 .bss.sensorTaskHandle
                0x2000024c        0x4 ./Core/Src/main.o
                0x2000024c                sensorTaskHandle
 .bss.logicTaskHandle
                0x20000250        0x4 ./Core/Src/main.o
                0x20000250                logicTaskHandle
 .bss.displayTaskHandle
                0x20000254        0x4 ./Core/Src/main.o
                0x20000254                displayTaskHandle
 .bss.dhtTaskHandle
                0x20000258        0x4 ./Core/Src/main.o
                0x20000258                dhtTaskHandle
 .bss.buttonQueueHandle
                0x2000025c        0x4 ./Core/Src/main.o
                0x2000025c                buttonQueueHandle
 .bss.appMutexHandle
                0x20000260        0x4 ./Core/Src/main.o
                0x20000260                appMutexHandle
 .bss.oledMutexHandle
                0x20000264        0x4 ./Core/Src/main.o
                0x20000264                oledMutexHandle
 .bss.uiEventHandle
                0x20000268        0x4 ./Core/Src/main.o
                0x20000268                uiEventHandle
 .bss.htim4     0x2000026c       0x48 ./Core/Src/stm32f1xx_hal_timebase_tim.o
                0x2000026c                htim4
 .bss.__sbrk_heap_end
                0x200002b4        0x4 ./Core/Src/sysmem.o
 .bss.uwTick    0x200002b8        0x4 ./Drivers/STM32F1xx_HAL_Driver/Src/stm32f1xx_hal.o
                0x200002b8                uwTick
 *fill*         0x200002bc        0x4 
 .bss.pFlash    0x200002c0       0x20 ./Drivers/STM32F1xx_HAL_Driver/Src/stm32f1xx_hal_flash.o
                0x200002c0                pFlash
 .bss.KernelState
                0x200002e0        0x4 ./Middlewares/Third_Party/FreeRTOS/Source/CMSIS_RTOS_V2/cmsis_os2.o
 .bss.Idle_TCB.3
                0x200002e4       0x5c ./Middlewares/Third_Party/FreeRTOS/Source/CMSIS_RTOS_V2/cmsis_os2.o
 .bss.Idle_Stack.2
                0x20000340      0x200 ./Middlewares/Third_Party/FreeRTOS/Source/CMSIS_RTOS_V2/cmsis_os2.o
 .bss.Timer_TCB.1
                0x20000540       0x5c ./Middlewares/Third_Party/FreeRTOS/Source/CMSIS_RTOS_V2/cmsis_os2.o
 .bss.Timer_Stack.0
                0x2000059c      0x400 ./Middlewares/Third_Party/FreeRTOS/Source/CMSIS_RTOS_V2/cmsis_os2.o
 .bss.xQueueRegistry
                0x2000099c       0x40 ./Middlewares/Third_Party/FreeRTOS/Source/queue.o
                0x2000099c                xQueueRegistry
 .bss.pxCurrentTCB
                0x200009dc        0x4 ./Middlewares/Third_Party/FreeRTOS/Source/tasks.o
                0x200009dc                pxCurrentTCB
 .bss.pxReadyTasksLists
                0x200009e0      0x460 ./Middlewares/Third_Party/FreeRTOS/Source/tasks.o
 .bss.xDelayedTaskList1
                0x20000e40       0x14 ./Middlewares/Third_Party/FreeRTOS/Source/tasks.o
 .bss.xDelayedTaskList2
                0x20000e54       0x14 ./Middlewares/Third_Party/FreeRTOS/Source/tasks.o
 .bss.pxDelayedTaskList
                0x20000e68        0x4 ./Middlewares/Third_Party/FreeRTOS/Source/tasks.o
 .bss.pxOverflowDelayedTaskList
                0x20000e6c        0x4 ./Middlewares/Third_Party/FreeRTOS/Source/tasks.o
 .bss.xPendingReadyList
                0x20000e70       0x14 ./Middlewares/Third_Party/FreeRTOS/Source/tasks.o
 .bss.xTasksWaitingTermination
                0x20000e84       0x14 ./Middlewares/Third_Party/FreeRTOS/Source/tasks.o
 .bss.uxDeletedTasksWaitingCleanUp
                0x20000e98        0x4 ./Middlewares/Third_Party/FreeRTOS/Source/tasks.o
 .bss.xSuspendedTaskList
                0x20000e9c       0x14 ./Middlewares/Third_Party/FreeRTOS/Source/tasks.o
 .bss.uxCurrentNumberOfTasks
                0x20000eb0        0x4 ./Middlewares/Third_Party/FreeRTOS/Source/tasks.o
 .bss.xTickCount
                0x20000eb4        0x4 ./Middlewares/Third_Party/FreeRTOS/Source/tasks.o
 .bss.uxTopReadyPriority
                0x20000eb8        0x4 ./Middlewares/Third_Party/FreeRTOS/Source/tasks.o
 .bss.xSchedulerRunning
                0x20000ebc        0x4 ./Middlewares/Third_Party/FreeRTOS/Source/tasks.o
 .bss.xPendedTicks
                0x20000ec0        0x4 ./Middlewares/Third_Party/FreeRTOS/Source/tasks.o
 .bss.xYieldPending
                0x20000ec4        0x4 ./Middlewares/Third_Party/FreeRTOS/Source/tasks.o
 .bss.xNumOfOverflows
                0x20000ec8        0x4 ./Middlewares/Third_Party/FreeRTOS/Source/tasks.o
 .bss.uxTaskNumber
                0x20000ecc        0x4 ./Middlewares/Third_Party/FreeRTOS/Source/tasks.o
 .bss.xNextTaskUnblockTime
                0x20000ed0        0x4 ./Middlewares/Third_Party/FreeRTOS/Source/tasks.o
 .bss.xIdleTaskHandle
                0x20000ed4        0x4 ./Middlewares/Third_Party/FreeRTOS/Source/tasks.o
 .bss.uxSchedulerSuspended
                0x20000ed8        0x4 ./Middlewares/Third_Party/FreeRTOS/Source/tasks.o
 .bss.xActiveTimerList1
                0x20000edc       0x14 ./Middlewares/Third_Party/FreeRTOS/Source/timers.o
 .bss.xActiveTimerList2
                0x20000ef0       0x14 ./Middlewares/Third_Party/FreeRTOS/Source/timers.o
 .bss.pxCurrentTimerList
                0x20000f04        0x4 ./Middlewares/Third_Party/FreeRTOS/Source/timers.o
 .bss.pxOverflowTimerList
                0x20000f08        0x4 ./Middlewares/Third_Party/FreeRTOS/Source/timers.o
 .bss.xTimerQueue
                0x20000f0c        0x4 ./Middlewares/Third_Party/FreeRTOS/Source/timers.o
 .bss.xTimerTaskHandle
                0x20000f10        0x4 ./Middlewares/Third_Party/FreeRTOS/Source/timers.o
 .bss.xLastTime.2
                0x20000f14        0x4 ./Middlewares/Third_Party/FreeRTOS/Source/timers.o
 .bss.ucStaticTimerQueueStorage.1
                0x20000f18       0xa0 ./Middlewares/Third_Party/FreeRTOS/Source/timers.o
 .bss.xStaticTimerQueue.0
                0x20000fb8       0x50 ./Middlewares/Third_Party/FreeRTOS/Source/timers.o
 .bss.ucMaxSysCallPriority
                0x20001008        0x1 ./Middlewares/Third_Party/FreeRTOS/Source/portable/GCC/ARM_CM3/port.o
 *fill*         0x20001009        0x3 
 .bss.ulMaxPRIGROUPValue
                0x2000100c        0x4 ./Middlewares/Third_Party/FreeRTOS/Source/portable/GCC/ARM_CM3/port.o
 .bss.ucHeap    0x20001010     0x2000 ./Middlewares/Third_Party/FreeRTOS/Source/portable/MemMang/heap_4.o
 .bss.xStart    0x20003010        0x8 ./Middlewares/Third_Party/FreeRTOS/Source/portable/MemMang/heap_4.o
 .bss.pxEnd     0x20003018        0x4 ./Middlewares/Third_Party/FreeRTOS/Source/portable/MemMang/heap_4.o
 .bss.xFreeBytesRemaining
                0x2000301c        0x4 ./Middlewares/Third_Party/FreeRTOS/Source/portable/MemMang/heap_4.o
 .bss.xMinimumEverFreeBytesRemaining
                0x20003020        0x4 ./Middlewares/Third_Party/FreeRTOS/Source/portable/MemMang/heap_4.o
 .bss.xNumberOfSuccessfulAllocations
                0x20003024        0x4 ./Middlewares/Third_Party/FreeRTOS/Source/portable/MemMang/heap_4.o
 .bss.xNumberOfSuccessfulFrees
                0x20003028        0x4 ./Middlewares/Third_Party/FreeRTOS/Source/portable/MemMang/heap_4.o
 .bss.xBlockAllocatedBit
                0x2000302c        0x4 ./Middlewares/Third_Party/FreeRTOS/Source/portable/MemMang/heap_4.o
 .bss.SSD1306_Buffer
                0x20003030      0x400 ./ssd1306/ssd1306.o
 .bss.SSD1306   0x20003430        0x6 ./ssd1306/ssd1306.o
 *fill*         0x20003436        0x2 
 .bss.__sf      0x20003438      0x138 D:/ST/STM32CubeIDE_1.19.0/STM32CubeIDE/plugins/com.st.stm32cube.ide.mcu.externaltools.gnu-tools-for-stm32.13.3.rel1.win32_1.0.0.202411081344/tools/bin/../lib/gcc/arm-none-eabi/13.3.1/../../../../arm-none-eabi/lib/thumb/v7-m/nofp\libc_nano.a(libc_a-findfp.o)
                0x20003438                __sf
 .bss.errno     0x20003570        0x4 D:/ST/STM32CubeIDE_1.19.0/STM32CubeIDE/plugins/com.st.stm32cube.ide.mcu.externaltools.gnu-tools-for-stm32.13.3.rel1.win32_1.0.0.202411081344/tools/bin/../lib/gcc/arm-none-eabi/13.3.1/../../../../arm-none-eabi/lib/thumb/v7-m/nofp\libc_nano.a(libc_a-reent.o)
                0x20003570                errno
 .bss.__lock___malloc_recursive_mutex
                0x20003574        0x1 D:/ST/STM32CubeIDE_1.19.0/STM32CubeIDE/plugins/com.st.stm32cube.ide.mcu.externaltools.gnu-tools-for-stm32.13.3.rel1.win32_1.0.0.202411081344/tools/bin/../lib/gcc/arm-none-eabi/13.3.1/../../../../arm-none-eabi/lib/thumb/v7-m/nofp\libc_nano.a(libc_a-lock.o)
                0x20003574                __lock___malloc_recursive_mutex
 *fill*         0x20003575        0x3 
 .bss.__malloc_sbrk_start
                0x20003578        0x4 D:/ST/STM32CubeIDE_1.19.0/STM32CubeIDE/plugins/com.st.stm32cube.ide.mcu.externaltools.gnu-tools-for-stm32.13.3.rel1.win32_1.0.0.202411081344/tools/bin/../lib/gcc/arm-none-eabi/13.3.1/../../../../arm-none-eabi/lib/thumb/v7-m/nofp\libc_nano.a(libc_a-mallocr.o)
                0x20003578                __malloc_sbrk_start
 .bss.__malloc_free_list
                0x2000357c        0x4 D:/ST/STM32CubeIDE_1.19.0/STM32CubeIDE/plugins/com.st.stm32cube.ide.mcu.externaltools.gnu-tools-for-stm32.13.3.rel1.win32_1.0.0.202411081344/tools/bin/../lib/gcc/arm-none-eabi/13.3.1/../../../../arm-none-eabi/lib/thumb/v7-m/nofp\libc_nano.a(libc_a-mallocr.o)
                0x2000357c                __malloc_free_list
 *(COMMON)
                0x20003580                        . = ALIGN (0x4)
                0x20003580                        _ebss = .
                0x20003580                        __bss_end__ = _ebss

._user_heap_stack
                0x20003580      0x600 load address 0x0800c1f4
                0x20003580                        . = ALIGN (0x8)
                [!provide]                        PROVIDE (end = .)
                0x20003580                        PROVIDE (_end = .)
                0x20003780                        . = (. + _Min_Heap_Size)
 *fill*         0x20003580      0x200 
                0x20003b80                        . = (. + _Min_Stack_Size)
 *fill*         0x20003780      0x400 
                0x20003b80                        . = ALIGN (0x8)

/DISCARD/
 libc.a(*)
 libm.a(*)
 libgcc.a(*)

.ARM.attributes
                0x00000000       0x29
 *(.ARM.attributes)
 .ARM.attributes
                0x00000000       0x1d D:/ST/STM32CubeIDE_1.19.0/STM32CubeIDE/plugins/com.st.stm32cube.ide.mcu.externaltools.gnu-tools-for-stm32.13.3.rel1.win32_1.0.0.202411081344/tools/bin/../lib/gcc/arm-none-eabi/13.3.1/thumb/v7-m/nofp/crti.o
 .ARM.attributes
                0x0000001d       0x2d D:/ST/STM32CubeIDE_1.19.0/STM32CubeIDE/plugins/com.st.stm32cube.ide.mcu.externaltools.gnu-tools-for-stm32.13.3.rel1.win32_1.0.0.202411081344/tools/bin/../lib/gcc/arm-none-eabi/13.3.1/thumb/v7-m/nofp/crtbegin.o
 .ARM.attributes
                0x0000004a       0x2d ./Core/Src/main.o
 .ARM.attributes
                0x00000077       0x2d ./Core/Src/stm32f1xx_hal_msp.o
 .ARM.attributes
                0x000000a4       0x2d ./Core/Src/stm32f1xx_hal_timebase_tim.o
 .ARM.attributes
                0x000000d1       0x2d ./Core/Src/stm32f1xx_it.o
 .ARM.attributes
                0x000000fe       0x2d ./Core/Src/sysmem.o
 .ARM.attributes
                0x0000012b       0x2d ./Core/Src/system_stm32f1xx.o
 .ARM.attributes
                0x00000158       0x21 ./Core/Startup/startup_stm32f103c8tx.o
 .ARM.attributes
                0x00000179       0x2d ./DHT/DHT.o
 .ARM.attributes
                0x000001a6       0x2d ./Delay timer/delay_timer.o
 .ARM.attributes
                0x000001d3       0x2d ./Drivers/STM32F1xx_HAL_Driver/Src/stm32f1xx_hal.o
 .ARM.attributes
                0x00000200       0x2d ./Drivers/STM32F1xx_HAL_Driver/Src/stm32f1xx_hal_adc.o
 .ARM.attributes
                0x0000022d       0x2d ./Drivers/STM32F1xx_HAL_Driver/Src/stm32f1xx_hal_cortex.o
 .ARM.attributes
                0x0000025a       0x2d ./Drivers/STM32F1xx_HAL_Driver/Src/stm32f1xx_hal_dma.o
 .ARM.attributes
                0x00000287       0x2d ./Drivers/STM32F1xx_HAL_Driver/Src/stm32f1xx_hal_flash.o
 .ARM.attributes
                0x000002b4       0x2d ./Drivers/STM32F1xx_HAL_Driver/Src/stm32f1xx_hal_flash_ex.o
 .ARM.attributes
                0x000002e1       0x2d ./Drivers/STM32F1xx_HAL_Driver/Src/stm32f1xx_hal_gpio.o
 .ARM.attributes
                0x0000030e       0x2d ./Drivers/STM32F1xx_HAL_Driver/Src/stm32f1xx_hal_i2c.o
 .ARM.attributes
                0x0000033b       0x2d ./Drivers/STM32F1xx_HAL_Driver/Src/stm32f1xx_hal_rcc.o
 .ARM.attributes
                0x00000368       0x2d ./Drivers/STM32F1xx_HAL_Driver/Src/stm32f1xx_hal_rcc_ex.o
 .ARM.attributes
                0x00000395       0x2d ./Drivers/STM32F1xx_HAL_Driver/Src/stm32f1xx_hal_tim.o
 .ARM.attributes
                0x000003c2       0x2d ./Drivers/STM32F1xx_HAL_Driver/Src/stm32f1xx_hal_tim_ex.o
 .ARM.attributes
                0x000003ef       0x2d ./Drivers/STM32F1xx_HAL_Driver/Src/stm32f1xx_hal_uart.o
 .ARM.attributes
                0x0000041c       0x2d ./Middlewares/Third_Party/FreeRTOS/Source/CMSIS_RTOS_V2/cmsis_os2.o
 .ARM.attributes
                0x00000449       0x2d ./Middlewares/Third_Party/FreeRTOS/Source/event_groups.o
 .ARM.attributes
                0x00000476       0x2d ./Middlewares/Third_Party/FreeRTOS/Source/list.o
 .ARM.attributes
                0x000004a3       0x2d ./Middlewares/Third_Party/FreeRTOS/Source/queue.o
 .ARM.attributes
                0x000004d0       0x2d ./Middlewares/Third_Party/FreeRTOS/Source/tasks.o
 .ARM.attributes
                0x000004fd       0x2d ./Middlewares/Third_Party/FreeRTOS/Source/timers.o
 .ARM.attributes
                0x0000052a       0x2d ./Middlewares/Third_Party/FreeRTOS/Source/portable/GCC/ARM_CM3/port.o
 .ARM.attributes
                0x00000557       0x2d ./Middlewares/Third_Party/FreeRTOS/Source/portable/MemMang/heap_4.o
 .ARM.attributes
                0x00000584       0x2d ./ssd1306/ssd1306.o
 .ARM.attributes
                0x000005b1       0x2d ./ssd1306/ssd1306_fonts.o
 .ARM.attributes
                0x000005de       0x2d D:/ST/STM32CubeIDE_1.19.0/STM32CubeIDE/plugins/com.st.stm32cube.ide.mcu.externaltools.gnu-tools-for-stm32.13.3.rel1.win32_1.0.0.202411081344/tools/bin/../lib/gcc/arm-none-eabi/13.3.1/../../../../arm-none-eabi/lib/thumb/v7-m/nofp\libc_nano.a(libc_a-findfp.o)
 .ARM.attributes
                0x0000060b       0x2d D:/ST/STM32CubeIDE_1.19.0/STM32CubeIDE/plugins/com.st.stm32cube.ide.mcu.externaltools.gnu-tools-for-stm32.13.3.rel1.win32_1.0.0.202411081344/tools/bin/../lib/gcc/arm-none-eabi/13.3.1/../../../../arm-none-eabi/lib/thumb/v7-m/nofp\libc_nano.a(libc_a-snprintf.o)
 .ARM.attributes
                0x00000638       0x2d D:/ST/STM32CubeIDE_1.19.0/STM32CubeIDE/plugins/com.st.stm32cube.ide.mcu.externaltools.gnu-tools-for-stm32.13.3.rel1.win32_1.0.0.202411081344/tools/bin/../lib/gcc/arm-none-eabi/13.3.1/../../../../arm-none-eabi/lib/thumb/v7-m/nofp\libc_nano.a(libc_a-memmove.o)
 .ARM.attributes
                0x00000665       0x2d D:/ST/STM32CubeIDE_1.19.0/STM32CubeIDE/plugins/com.st.stm32cube.ide.mcu.externaltools.gnu-tools-for-stm32.13.3.rel1.win32_1.0.0.202411081344/tools/bin/../lib/gcc/arm-none-eabi/13.3.1/../../../../arm-none-eabi/lib/thumb/v7-m/nofp\libc_nano.a(libc_a-memset.o)
 .ARM.attributes
                0x00000692       0x2d D:/ST/STM32CubeIDE_1.19.0/STM32CubeIDE/plugins/com.st.stm32cube.ide.mcu.externaltools.gnu-tools-for-stm32.13.3.rel1.win32_1.0.0.202411081344/tools/bin/../lib/gcc/arm-none-eabi/13.3.1/../../../../arm-none-eabi/lib/thumb/v7-m/nofp\libc_nano.a(libc_a-reent.o)
 .ARM.attributes
                0x000006bf       0x2d D:/ST/STM32CubeIDE_1.19.0/STM32CubeIDE/plugins/com.st.stm32cube.ide.mcu.externaltools.gnu-tools-for-stm32.13.3.rel1.win32_1.0.0.202411081344/tools/bin/../lib/gcc/arm-none-eabi/13.3.1/../../../../arm-none-eabi/lib/thumb/v7-m/nofp\libc_nano.a(libc_a-impure.o)
 .ARM.attributes
                0x000006ec       0x2d D:/ST/STM32CubeIDE_1.19.0/STM32CubeIDE/plugins/com.st.stm32cube.ide.mcu.externaltools.gnu-tools-for-stm32.13.3.rel1.win32_1.0.0.202411081344/tools/bin/../lib/gcc/arm-none-eabi/13.3.1/../../../../arm-none-eabi/lib/thumb/v7-m/nofp\libc_nano.a(libc_a-errno.o)
 .ARM.attributes
                0x00000719       0x2d D:/ST/STM32CubeIDE_1.19.0/STM32CubeIDE/plugins/com.st.stm32cube.ide.mcu.externaltools.gnu-tools-for-stm32.13.3.rel1.win32_1.0.0.202411081344/tools/bin/../lib/gcc/arm-none-eabi/13.3.1/../../../../arm-none-eabi/lib/thumb/v7-m/nofp\libc_nano.a(libc_a-init.o)
 .ARM.attributes
                0x00000746       0x2d D:/ST/STM32CubeIDE_1.19.0/STM32CubeIDE/plugins/com.st.stm32cube.ide.mcu.externaltools.gnu-tools-for-stm32.13.3.rel1.win32_1.0.0.202411081344/tools/bin/../lib/gcc/arm-none-eabi/13.3.1/../../../../arm-none-eabi/lib/thumb/v7-m/nofp\libc_nano.a(libc_a-lock.o)
 .ARM.attributes
                0x00000773       0x2d D:/ST/STM32CubeIDE_1.19.0/STM32CubeIDE/plugins/com.st.stm32cube.ide.mcu.externaltools.gnu-tools-for-stm32.13.3.rel1.win32_1.0.0.202411081344/tools/bin/../lib/gcc/arm-none-eabi/13.3.1/../../../../arm-none-eabi/lib/thumb/v7-m/nofp\libc_nano.a(libc_a-memcpy-stub.o)
 .ARM.attributes