../Core/Src/main.c:301:17:Read_ADC_Channel	32	static
../Core/Src/main.c:329:14:Map_ADC_To_TimeScale	24	static
../Core/Src/main.c:338:12:Map_ADC_To_Percent	24	static
../Core/Src/main.c:360:13:Persist_Load	16	static
../Core/Src/main.c:372:13:Persist_UpdateFromRuntime	4	static
../Core/Src/main.c:381:13:Persist_ApplyToRuntime	4	static
../Core/Src/main.c:389:13:Persist_Save	56	static
../Core/Src/main.c:420:13:History_Add	24	static
../Core/Src/main.c:437:16:ReadButtonPressed	16	static
../Core/Src/main.c:442:13:ProcessButton	32	static
../Core/Src/main.c:468:13:UpdateSensorData	24	static
../Core/Src/main.c:521:13:RequestRedraw	8	static
../Core/Src/main.c:526:13:HandleMenuInput	16	static
../Core/Src/main.c:547:13:HandlePlantListInput	16	static
../Core/Src/main.c:563:13:HandlePlantInfoInput	16	static
../Core/Src/main.c:578:13:HandlePlantConfirmInput	16	static
../Core/Src/main.c:606:13:HandleActiveHomeInput	16	static
../Core/Src/main.c:621:13:HandleActiveInfoInput	16	static
../Core/Src/main.c:631:13:HandleHistoryListInput	16	static
../Core/Src/main.c:653:13:HandleHistoryDetailInput	16	static
../Core/Src/main.c:660:13:DrawHeader	24	static
../Core/Src/main.c:668:13:DrawMenuScreen	16	static
../Core/Src/main.c:679:13:DrawPlantListScreen	48	static
../Core/Src/main.c:691:13:DrawPlantInfoCommon	64	static
../Core/Src/main.c:727:13:DrawPlantInfoScreen	8	static
../Core/Src/main.c:732:13:DrawPlantConfirmScreen	16	static
../Core/Src/main.c:746:13:DrawActiveHomeScreen	72	static
../Core/Src/main.c:809:13:DrawActiveInfoScreen	8	static
../Core/Src/main.c:814:13:DrawHistoryListScreen	56	static
../Core/Src/main.c:838:13:DrawHistoryDetailScreen	56	static
../Core/Src/main.c:869:13:RenderScreen	8	static
../Core/Src/main.c:910:6:Error_Blink	32	static,ignoring_inline_asm
../Core/Src/main.c:934:5:main	8	static
../Core/Src/main.c:1046:6:SystemClock_Config	88	static
../Core/Src/main.c:1093:13:MX_ADC1_Init	24	static
../Core/Src/main.c:1140:13:MX_I2C1_Init	8	static
../Core/Src/main.c:1174:13:MX_TIM3_Init	32	static
../Core/Src/main.c:1219:13:MX_USART1_UART_Init	8	static
../Core/Src/main.c:1252:13:MX_GPIO_Init	40	static
../Core/Src/main.c:1303:6:StartInputTask	80	static
../Core/Src/main.c:1329:6:StartDHTTask	32	static,ignoring_inline_asm
../Core/Src/main.c:1370:6:StartSensorTask	16	static
../Core/Src/main.c:1379:6:StartLogicTask	24	static
../Core/Src/main.c:1447:6:StartDisplayTask	16	static
../Core/Src/main.c:1469:6:StartDefaultTask	16	static
../Core/Src/main.c:1488:6:HAL_TIM_PeriodElapsedCallback	16	static
../Core/Src/main.c:1506:6:Error_Handler	16	static,ignoring_inline_asm
