../Core/Src/main.c:301:17:Read_ADC_Channel	4
../Core/Src/main.c:329:14:Map_ADC_To_TimeScale	1
../Core/Src/main.c:338:12:Map_ADC_To_Percent	7
../Core/Src/main.c:360:13:Persist_Load	2
../Core/Src/main.c:372:13:Persist_UpdateFromRuntime	1
../Core/Src/main.c:381:13:Persist_ApplyToRuntime	1
../Core/Src/main.c:389:13:Persist_Save	4
../Core/Src/main.c:420:13:History_Add	3
../Core/Src/main.c:437:16:ReadButtonPressed	2
../Core/Src/main.c:442:13:ProcessButton	6
../Core/Src/main.c:468:13:UpdateSensorData	4
../Core/Src/main.c:521:13:RequestRedraw	1
../Core/Src/main.c:526:13:HandleMenuInput	9
../Core/Src/main.c:547:13:HandlePlantListInput	7
../Core/Src/main.c:563:13:HandlePlantInfoInput	7
../Core/Src/main.c:578:13:HandlePlantConfirmInput	6
../Core/Src/main.c:606:13:HandleActiveHomeInput	7
../Core/Src/main.c:621:13:HandleActiveInfoInput	7
../Core/Src/main.c:631:13:HandleHistoryListInput	11
../Core/Src/main.c:653:13:HandleHistoryDetailInput	3
../Core/Src/main.c:660:13:DrawHeader	1
../Core/Src/main.c:668:13:DrawMenuScreen	3
../Core/Src/main.c:679:13:DrawPlantListScreen	3
../Core/Src/main.c:691:13:DrawPlantInfoCommon	2
../Core/Src/main.c:727:13:DrawPlantInfoScreen	1
../Core/Src/main.c:732:13:DrawPlantConfirmScreen	3
../Core/Src/main.c:746:13:DrawActiveHomeScreen	7
../Core/Src/main.c:809:13:DrawActiveInfoScreen	1
../Core/Src/main.c:814:13:DrawHistoryListScreen	6
../Core/Src/main.c:838:13:DrawHistoryDetailScreen	2
../Core/Src/main.c:869:13:RenderScreen	9
../Core/Src/main.c:910:6:Error_Blink	5
../Core/Src/main.c:934:5:main	10
../Core/Src/main.c:1046:6:SystemClock_Config	4
../Core/Src/main.c:1093:13:MX_ADC1_Init	3
../Core/Src/main.c:1140:13:MX_I2C1_Init	2
../Core/Src/main.c:1174:13:MX_TIM3_Init	4
../Core/Src/main.c:1219:13:MX_USART1_UART_Init	2
../Core/Src/main.c:1252:13:MX_GPIO_Init	1
../Core/Src/main.c:1303:6:StartInputTask	1
../Core/Src/main.c:1329:6:StartDHTTask	3
../Core/Src/main.c:1370:6:StartSensorTask	1
../Core/Src/main.c:1379:6:StartLogicTask	13
../Core/Src/main.c:1447:6:StartDisplayTask	1
../Core/Src/main.c:1469:6:StartDefaultTask	1
../Core/Src/main.c:1488:6:HAL_TIM_PeriodElapsedCallback	2
../Core/Src/main.c:1506:6:Error_Handler	2
